2026-08-11 10:21:19,ID: 166,Status: 8
2026-08-11 10:21:19,ID: 166,Current Timer: 44461
2026-08-11 10:21:19,ID: 166,Contact Count: 130
2026-08-11 10:21:19,ID: 166,Voltage: 2853
2026-08-11 10:21:19,ID: 166,ID2: 169, Timer: 42609, RSSI: -50
2026-08-11 10:21:19,ID: 166,ID2: 169, Timer: 42630, RSSI: -50
2026-08-11 10:21:19,ID: 166,ID2: 169, Timer: 42637, RSSI: -52
2026-08-11 10:21:19,ID: 166,ID2: 169, Timer: 42644, RSSI: -50
2026-08-11 10:21:19,ID: 166,ID2: 169, Timer: 42651, RSSI: -49
2026-08-11 10:21:19,ID: 166,ID2: 169, Timer: 42651, RSSI: -49
2026-08-11 10:21:19,ID: 166,ID2: 169, Timer: 42658, RSSI: -52
2026-08-11 10:21:19,ID: 166,ID2: 169, Timer: 42672, RSSI: -49
2026-08-11 10:21:19,ID: 166,ID2: 169, Timer: 42693, RSSI: -49
2026-08-11 10:21:19,ID: 166,ID2: 169, Timer: 42693, RSSI: -49
2026-08-11 10:21:19,ID: 166,ID2: 169, Timer: 42707, RSSI: -50
2026-08-11 10:21:19,ID: 166,ID2: 169, Timer: 42714, RSSI: -50
2026-08-11 10:21:19,ID: 166,ID2: 169, Timer: 42721, RSSI: -51
2026-08-11 10:21:19,ID: 166,ID2: 169, Timer: 42735, RSSI: -49
2026-08-11 10:21:19,ID: 166,ID2: 169, Timer: 42756, RSSI: -49
2026-08-11 10:21:19,ID: 166,ID2: 169, Timer: 42770, RSSI: -49
2026-08-11 10:21:19,ID: 166,ID2: 169, Timer: 42777, RSSI: -49
2026-08-11 10:21:19,ID: 166,ID2: 169, Timer: 42784, RSSI: -51
2026-08-11 10:21:19,ID: 166,ID2: 169, Timer: 42791, RSSI: -49
2026-08-11 10:21:19,ID: 166,ID2: 169, Timer: 42805, RSSI: -51
2026-08-11 10:21:19,ID: 166,ID2: 169, Timer: 42819, RSSI: -49
2026-08-11 10:21:19,ID: 166,ID2: 169, Timer: 42826, RSSI: -52
2026-08-11 10:21:19,ID: 166,ID2: 169, Timer: 42854, RSSI: -49
2026-08-11 10:21:19,ID: 166,ID2: 169, Timer: 42861, RSSI: -48
2026-08-11 10:21:19,ID: 166,ID2: 169, Timer: 42875, RSSI: -49
2026-08-11 10:21:19,ID: 166,ID2: 169, Timer: 42903, RSSI: -48
2026-08-11 10:21:19,ID: 166,ID2: 169, Timer: 42924, RSSI: -49
2026-08-11 10:21:19,ID: 166,ID2: 169, Timer: 42945, RSSI: -50
2026-08-11 10:21:19,ID: 166,ID2: 169, Timer: 42945, RSSI: -50
2026-08-11 10:21:19,ID: 166,ID2: 169, Timer: 42980, RSSI: -50
2026-08-11 10:21:19,ID: 166,ID2: 169, Timer: 42987, RSSI: -50
2026-08-11 10:21:19,ID: 166,ID2: 169, Timer: 42987, RSSI: -50
2026-08-11 10:21:19,ID: 166,ID2: 169, Timer: 42994, RSSI: -52
2026-08-11 10:21:19,ID: 166,ID2: 169, Timer: 43029, RSSI: -51
2026-08-11 10:21:19,ID: 166,ID2: 169, Timer: 43043, RSSI: -50
2026-08-11 10:21:19,ID: 166,ID2: 169, Timer: 43071, RSSI: -50
2026-08-11 10:21:19,ID: 166,ID2: 169, Timer: 43085, RSSI: -49
2026-08-11 10:21:19,ID: 166,ID2: 169, Timer: 43092, RSSI: -51
2026-08-11 10:21:19,ID: 166,ID2: 169, Timer: 43106, RSSI: -50
2026-08-11 10:21:19,ID: 166,ID2: 169, Timer: 43113, RSSI: -51
2026-08-11 10:21:19,ID: 166,ID2: 169, Timer: 43134, RSSI: -47
2026-08-11 10:21:19,ID: 166,ID2: 169, Timer: 43141, RSSI: -52
2026-08-11 10:21:19,ID: 166,ID2: 169, Timer: 43155, RSSI: -48
2026-08-11 10:21:19,ID: 166,ID2: 169, Timer: 43176, RSSI: -49
2026-08-11 10:21:19,ID: 166,ID2: 169, Timer: 43190, RSSI: -51
2026-08-11 10:21:19,ID: 166,ID2: 169, Timer: 43197, RSSI: -48
2026-08-11 10:21:19,ID: 166,ID2: 169, Timer: 43204, RSSI: -52
2026-08-11 10:21:19,ID: 166,ID2: 169, Timer: 43211, RSSI: -51
2026-08-11 10:21:19,ID: 166,ID2: 169, Timer: 43246, RSSI: -52
2026-08-11 10:21:19,ID: 166,ID2: 169, Timer: 43253, RSSI: -51
2026-08-11 10:21:19,ID: 166,ID2: 169, Timer: 43260, RSSI: -50
2026-08-11 10:21:19,ID: 166,ID2: 169, Timer: 43267, RSSI: -54
2026-08-11 10:21:19,ID: 166,ID2: 169, Timer: 43281, RSSI: -47
2026-08-11 10:21:19,ID: 166,ID2: 169, Timer: 43281, RSSI: -47
2026-08-11 10:21:19,ID: 166,ID2: 169, Timer: 43302, RSSI: -48
2026-08-11 10:21:19,ID: 166,ID2: 169, Timer: 43309, RSSI: -54
2026-08-11 10:21:19,ID: 166,ID2: 169, Timer: 43323, RSSI: -48
2026-08-11 10:21:19,ID: 166,ID2: 169, Timer: 43330, RSSI: -54
2026-08-11 10:21:19,ID: 166,ID2: 169, Timer: 43337, RSSI: -50
2026-08-11 10:21:19,ID: 166,ID2: 169, Timer: 43365, RSSI: -49
2026-08-11 10:21:19,ID: 166,ID2: 169, Timer: 43365, RSSI: -49
2026-08-11 10:21:19,ID: 166,ID2: 169, Timer: 43372, RSSI: -52
2026-08-11 10:21:19,ID: 166,ID2: 169, Timer: 43400, RSSI: -50
2026-08-11 10:21:19,ID: 166,ID2: 169, Timer: 43407, RSSI: -49
2026-08-11 10:21:19,ID: 166,ID2: 169, Timer: 43435, RSSI: -53
2026-08-11 10:21:19,ID: 166,ID2: 169, Timer: 43449, RSSI: -48
2026-08-11 10:21:19,ID: 166,ID2: 169, Timer: 43470, RSSI: -49
2026-08-11 10:21:19,ID: 166,ID2: 169, Timer: 43491, RSSI: -50
2026-08-11 10:21:19,ID: 166,ID2: 169, Timer: 43505, RSSI: -53
2026-08-11 10:21:19,ID: 166,ID2: 169, Timer: 43519, RSSI: -54
2026-08-11 10:21:19,ID: 166,ID2: 169, Timer: 43533, RSSI: -49
2026-08-11 10:21:19,ID: 166,ID2: 169, Timer: 43575, RSSI: -49
2026-08-11 10:21:19,ID: 166,ID2: 169, Timer: 43617, RSSI: -49
2026-08-11 10:21:19,ID: 166,ID2: 169, Timer: 43617, RSSI: -49
2026-08-11 10:21:19,ID: 166,ID2: 169, Timer: 43631, RSSI: -48
2026-08-11 10:21:19,ID: 166,ID2: 169, Timer: 43638, RSSI: -48
2026-08-11 10:21:19,ID: 166,ID2: 169, Timer: 43659, RSSI: -48
2026-08-11 10:21:19,ID: 166,ID2: 169, Timer: 43666, RSSI: -54
2026-08-11 10:21:19,ID: 166,ID2: 169, Timer: 43687, RSSI: -63
2026-08-11 10:21:19,ID: 166,ID2: 169, Timer: 43701, RSSI: -49
2026-08-11 10:21:19,ID: 166,ID2: 169, Timer: 43743, RSSI: -49
2026-08-11 10:21:19,ID: 166,ID2: 169, Timer: 43743, RSSI: -49
2026-08-11 10:21:19,ID: 166,ID2: 169, Timer: 43757, RSSI: -48
2026-08-11 10:21:19,ID: 166,ID2: 169, Timer: 43785, RSSI: -20
2026-08-11 10:21:19,ID: 166,ID2: 169, Timer: 43785, RSSI: -20
2026-08-11 10:21:19,ID: 166,ID2: 169, Timer: 43792, RSSI: -21
2026-08-11 10:21:19,ID: 166,ID2: 169, Timer: 43813, RSSI: -21
2026-08-11 10:21:19,ID: 166,ID2: 169, Timer: 43827, RSSI: -20
2026-08-11 10:21:19,ID: 166,ID2: 169, Timer: 43827, RSSI: -20
2026-08-11 10:21:19,ID: 166,ID2: 169, Timer: 43841, RSSI: -19
2026-08-11 10:21:19,ID: 166,ID2: 169, Timer: 43862, RSSI: -19
2026-08-11 10:21:19,ID: 166,ID2: 169, Timer: 43869, RSSI: -20
2026-08-11 10:21:19,ID: 166,ID2: 169, Timer: 43911, RSSI: -33
2026-08-11 10:21:19,ID: 166,ID2: 169, Timer: 43918, RSSI: -31
2026-08-11 10:21:19,ID: 166,ID2: 169, Timer: 43932, RSSI: -34
2026-08-11 10:21:19,ID: 166,ID2: 169, Timer: 43953, RSSI: -33
2026-08-11 10:21:19,ID: 166,ID2: 169, Timer: 43960, RSSI: -31
2026-08-11 10:21:19,ID: 166,ID2: 169, Timer: 43988, RSSI: -31
2026-08-11 10:21:19,ID: 166,ID2: 169, Timer: 43995, RSSI: -33
2026-08-11 10:21:19,ID: 166,ID2: 169, Timer: 44009, RSSI: -31
2026-08-11 10:21:19,ID: 166,ID2: 169, Timer: 44016, RSSI: -33
2026-08-11 10:21:19,ID: 166,ID2: 169, Timer: 44030, RSSI: -31
2026-08-11 10:21:19,ID: 166,ID2: 169, Timer: 44037, RSSI: -33
2026-08-11 10:21:19,ID: 166,ID2: 169, Timer: 44044, RSSI: -31
2026-08-11 10:21:19,ID: 166,ID2: 169, Timer: 44072, RSSI: -31
2026-08-11 10:21:19,ID: 166,ID2: 169, Timer: 44079, RSSI: -33
2026-08-11 10:21:19,ID: 166,ID2: 169, Timer: 44086, RSSI: -31
2026-08-11 10:21:19,ID: 166,ID2: 169, Timer: 44093, RSSI: -31
2026-08-11 10:21:19,ID: 166,ID2: 169, Timer: 44107, RSSI: -31
2026-08-11 10:21:19,ID: 166,ID2: 169, Timer: 44114, RSSI: -31
2026-08-11 10:21:19,ID: 166,ID2: 169, Timer: 44121, RSSI: -33
2026-08-11 10:21:19,ID: 166,ID2: 169, Timer: 44163, RSSI: -33
2026-08-11 10:21:19,ID: 166,ID2: 169, Timer: 44170, RSSI: -31
2026-08-11 10:21:19,ID: 166,ID2: 169, Timer: 44184, RSSI: -33
2026-08-11 10:21:19,ID: 166,ID2: 169, Timer: 44226, RSSI: -33
2026-08-11 10:21:19,ID: 166,ID2: 169, Timer: 44240, RSSI: -31
2026-08-11 10:21:19,ID: 166,ID2: 169, Timer: 44247, RSSI: -34
2026-08-11 10:21:19,ID: 166,ID2: 169, Timer: 44317, RSSI: -31
2026-08-11 10:21:19,ID: 166,ID2: 169, Timer: 44324, RSSI: -31
2026-08-11 10:21:19,ID: 166,ID2: 169, Timer: 44331, RSSI: -33
2026-08-11 10:21:19,ID: 166,ID2: 169, Timer: 44331, RSSI: -33
2026-08-11 10:21:19,ID: 166,ID2: 169, Timer: 44345, RSSI: -31
2026-08-11 10:21:19,ID: 166,ID2: 169, Timer: 44352, RSSI: -33
2026-08-11 10:21:19,ID: 166,ID2: 169, Timer: 44387, RSSI: -31
2026-08-11 10:21:19,ID: 166,ID2: 169, Timer: 44394, RSSI: -33
2026-08-11 10:21:19,ID: 166,ID2: 169, Timer: 44415, RSSI: -33
2026-08-11 10:21:19,ID: 166,ID2: 169, Timer: 44422, RSSI: -31
2026-08-11 10:21:19,ID: 166,ID2: 169, Timer: 44450, RSSI: -31
2026-08-11 10:21:19,ID: 166,ID2: 169, Timer: 44457, RSSI: -34
2026-08-11 10:21:19,ID: 166,ID2: 169, Timer: 44457, RSSI: -34
2026-08-11 10:21:20,ID: 166,Status: 8
2026-08-11 10:21:20,ID: 166,Current Timer: 44462
2026-08-11 10:21:20,ID: 166,Contact Count: 0
2026-08-11 10:21:20,ID: 166,Voltage: 2853
2026-08-11 10:21:20,ID: 166,Status: 8
2026-08-11 10:21:20,ID: 166,Current Timer: 44462
2026-08-11 10:21:20,ID: 166,Contact Count: 0
2026-08-11 10:21:20,ID: 166,Voltage: 2853
2026-08-11 10:21:20,ID: 166,Status: 8
2026-08-11 10:21:21,ID: 166,Current Timer: 44463
2026-08-11 10:21:21,ID: 166,Contact Count: 0
2026-08-11 10:21:21,ID: 166,Voltage: 2853
2026-08-11 10:21:21,ID: 166,Status: 8
2026-08-11 10:21:21,ID: 166,Current Timer: 44463
2026-08-11 10:21:21,ID: 166,Contact Count: 0
2026-08-11 10:21:21,ID: 166,Voltage: 2853
2026-08-11 10:21:22,ID: 166,Status: 8
2026-08-11 10:21:22,ID: 166,Current Timer: 44464
2026-08-11 10:21:22,ID: 166,Contact Count: 0
2026-08-11 10:21:22,ID: 166,Voltage: 2853
2026-08-11 10:21:22,ID: 166,Status: 8
2026-08-11 10:21:22,ID: 166,Current Timer: 44464
2026-08-11 10:21:22,ID: 166,Contact Count: 1
2026-08-11 10:21:22,ID: 166,Voltage: 2853
2026-08-11 10:21:22,ID: 166,ID2: 169, Timer: 44464, RSSI: -31
2026-08-11 10:21:22,ID: 166,Status: 8
2026-08-11 10:21:23,ID: 166,Current Timer: 44465
2026-08-11 10:21:23,ID: 166,Contact Count: 0
2026-08-11 10:21:23,ID: 166,Voltage: 2853
2026-08-11 10:21:23,ID: 166,Status: 8
2026-08-11 10:21:23,ID: 166,Current Timer: 44465
2026-08-11 10:21:23,ID: 166,Contact Count: 0
2026-08-11 10:21:23,ID: 166,Voltage: 2853
2026-08-11 10:23:05,ID: 166,Status: 8
2026-08-11 10:23:05,ID: 166,Current Timer: 44567
2026-08-11 10:23:05,ID: 166,Contact Count: 7
2026-08-11 10:23:05,ID: 166,Voltage: 2853
2026-08-11 10:23:05,ID: 166,ID2: 169, Timer: 44485, RSSI: -31
2026-08-11 10:23:05,ID: 166,ID2: 169, Timer: 44492, RSSI: -31
2026-08-11 10:23:05,ID: 166,ID2: 169, Timer: 44499, RSSI: -34
2026-08-11 10:23:05,ID: 166,ID2: 169, Timer: 44527, RSSI: -31
2026-08-11 10:23:05,ID: 166,ID2: 169, Timer: 44541, RSSI: -34
2026-08-11 10:23:05,ID: 166,ID2: 169, Timer: 44541, RSSI: -34
2026-08-11 10:23:05,ID: 166,ID2: 169, Timer: 44548, RSSI: -31
2026-08-11 10:23:05,ID: 166,Status: 8
2026-08-11 10:23:05,ID: 166,Current Timer: 44567
2026-08-11 10:23:05,ID: 166,Contact Count: 0
2026-08-11 10:23:05,ID: 166,Voltage: 2853
2026-08-11 10:23:06,ID: 166,Status: 8
2026-08-11 10:23:06,ID: 169,Status: 8
2026-08-11 10:23:06,ID: 169,Current Timer: 813
2026-08-11 10:23:06,ID: 169,Contact Count: 61
2026-08-11 10:23:06,ID: 169,Voltage: 2882
2026-08-11 10:23:06,ID: 169,ID2: 166, Timer: 21, RSSI: -22
2026-08-11 10:23:06,ID: 169,ID2: 166, Timer: 42, RSSI: -22
2026-08-11 10:23:06,ID: 169,ID2: 166, Timer: 49, RSSI: -20
2026-08-11 10:23:06,ID: 169,ID2: 166, Timer: 63, RSSI: -22
2026-08-11 10:23:06,ID: 169,ID2: 166, Timer: 84, RSSI: -22
2026-08-11 10:23:06,ID: 169,ID2: 166, Timer: 84, RSSI: -22
2026-08-11 10:23:06,ID: 169,ID2: 166, Timer: 91, RSSI: -20
2026-08-11 10:23:06,ID: 169,ID2: 166, Timer: 126, RSSI: -22
2026-08-11 10:23:06,ID: 169,ID2: 166, Timer: 147, RSSI: -33
2026-08-11 10:23:06,ID: 169,ID2: 166, Timer: 154, RSSI: -34
2026-08-11 10:23:06,ID: 169,ID2: 166, Timer: 161, RSSI: -33
2026-08-11 10:23:06,ID: 169,ID2: 166, Timer: 168, RSSI: -33
2026-08-11 10:23:06,ID: 169,ID2: 166, Timer: 168, RSSI: -33
2026-08-11 10:23:06,ID: 169,ID2: 166, Timer: 175, RSSI: -35
2026-08-11 10:23:06,ID: 169,ID2: 166, Timer: 182, RSSI: -33
2026-08-11 10:23:06,ID: 169,ID2: 166, Timer: 189, RSSI: -33
2026-08-11 10:23:06,ID: 169,ID2: 166, Timer: 196, RSSI: -34
2026-08-11 10:23:06,ID: 169,ID2: 166, Timer: 203, RSSI: -33
2026-08-11 10:23:06,ID: 169,ID2: 166, Timer: 210, RSSI: -33
2026-08-11 10:23:06,ID: 169,ID2: 166, Timer: 217, RSSI: -34
2026-08-11 10:23:06,ID: 169,ID2: 166, Timer: 224, RSSI: -33
2026-08-11 10:23:06,ID: 169,ID2: 166, Timer: 231, RSSI: -33
2026-08-11 10:23:06,ID: 169,ID2: 166, Timer: 245, RSSI: -33
2026-08-11 10:23:06,ID: 169,ID2: 166, Timer: 252, RSSI: -33
2026-08-11 10:23:06,ID: 169,ID2: 166, Timer: 280, RSSI: -34
2026-08-11 10:23:06,ID: 169,ID2: 166, Timer: 287, RSSI: -33
2026-08-11 10:23:06,ID: 169,ID2: 166, Timer: 294, RSSI: -33
2026-08-11 10:23:06,ID: 169,ID2: 166, Timer: 301, RSSI: -34
2026-08-11 10:23:06,ID: 169,ID2: 166, Timer: 322, RSSI: -34
2026-08-11 10:23:06,ID: 169,ID2: 166, Timer: 336, RSSI: -33
2026-08-11 10:23:06,ID: 169,ID2: 166, Timer: 343, RSSI: -34
2026-08-11 10:23:06,ID: 169,ID2: 166, Timer: 350, RSSI: -33
2026-08-11 10:23:06,ID: 169,ID2: 166, Timer: 364, RSSI: -35
2026-08-11 10:23:06,ID: 169,ID2: 166, Timer: 378, RSSI: -34
2026-08-11 10:23:06,ID: 169,ID2: 166, Timer: 378, RSSI: -34
2026-08-11 10:23:06,ID: 169,ID2: 166, Timer: 420, RSSI: -34
2026-08-11 10:23:06,ID: 169,ID2: 166, Timer: 420, RSSI: -33
2026-08-11 10:23:06,ID: 169,ID2: 166, Timer: 455, RSSI: -33
2026-08-11 10:23:06,ID: 169,ID2: 166, Timer: 462, RSSI: -33
2026-08-11 10:23:06,ID: 169,ID2: 166, Timer: 504, RSSI: -33
2026-08-11 10:23:06,ID: 169,ID2: 166, Timer: 511, RSSI: -34
2026-08-11 10:23:06,ID: 169,ID2: 166, Timer: 525, RSSI: -33
2026-08-11 10:23:06,ID: 169,ID2: 166, Timer: 546, RSSI: -33
2026-08-11 10:23:06,ID: 169,ID2: 166, Timer: 546, RSSI: -33
2026-08-11 10:23:06,ID: 169,ID2: 166, Timer: 553, RSSI: -34
2026-08-11 10:23:06,ID: 169,ID2: 166, Timer: 560, RSSI: -33
2026-08-11 10:23:06,ID: 169,ID2: 166, Timer: 581, RSSI: -33
2026-08-11 10:23:06,ID: 169,ID2: 166, Timer: 588, RSSI: -33
2026-08-11 10:23:06,ID: 169,ID2: 166, Timer: 609, RSSI: -33
2026-08-11 10:23:06,ID: 169,ID2: 166, Timer: 630, RSSI: -33
2026-08-11 10:23:06,ID: 169,ID2: 166, Timer: 637, RSSI: -34
2026-08-11 10:23:06,ID: 169,ID2: 166, Timer: 665, RSSI: -33
2026-08-11 10:23:06,ID: 169,ID2: 166, Timer: 672, RSSI: -33
2026-08-11 10:23:06,ID: 169,ID2: 166, Timer: 686, RSSI: -33
2026-08-11 10:23:06,ID: 169,ID2: 166, Timer: 714, RSSI: -33
2026-08-11 10:23:06,ID: 169,ID2: 166, Timer: 721, RSSI: -35
2026-08-11 10:23:06,ID: 169,ID2: 166, Timer: 735, RSSI: -33
2026-08-11 10:23:06,ID: 169,ID2: 166, Timer: 756, RSSI: -33
2026-08-11 10:23:06,ID: 169,ID2: 166, Timer: 756, RSSI: -33
2026-08-11 10:23:06,ID: 169,ID2: 166, Timer: 784, RSSI: -35
2026-08-11 10:23:06,ID: 169,ID2: 166, Timer: 798, RSSI: -33
2026-08-11 10:23:06,ID: 169,Status: 8
2026-08-11 10:23:06,ID: 169,Current Timer: 814
2026-08-11 10:23:06,ID: 169,Contact Count: 0
2026-08-11 10:23:06,ID: 169,Voltage: 2882
2026-08-11 10:23:07,ID: 169,Status: 8
2026-08-11 10:23:07,ID: 169,Current Timer: 814
2026-08-11 10:23:07,ID: 169,Contact Count: 0
2026-08-11 10:23:07,ID: 169,Voltage: 2882
2026-08-11 10:23:07,ID: 169,Status: 8
2026-08-11 10:23:07,ID: 169,Current Timer: 815
2026-08-11 10:23:07,ID: 169,Contact Count: 0
2026-08-11 10:23:07,ID: 169,Voltage: 2882
2026-08-11 10:23:08,ID: 169,Status: 8
2026-08-11 10:23:08,ID: 169,Current Timer: 815
2026-08-11 10:23:08,ID: 169,Contact Count: 0
2026-08-11 10:23:08,ID: 169,Voltage: 2882
2026-08-11 10:23:08,ID: 169,Status: 8
2026-08-11 10:23:09,ID: 169,Current Timer: 816
2026-08-11 10:23:09,ID: 169,Contact Count: 0
2026-08-11 10:23:09,ID: 169,Voltage: 2882
2026-08-11 10:23:09,ID: 169,Status: 8
2026-08-11 10:23:09,ID: 169,Current Timer: 817
2026-08-11 10:23:09,ID: 169,Contact Count: 0
2026-08-11 10:23:09,ID: 169,Voltage: 2882
2026-08-11 10:23:09,ID: 169,Status: 8
2026-08-11 10:23:10,ID: 169,Current Timer: 817
2026-08-11 10:23:10,ID: 169,Contact Count: 0
2026-08-11 10:23:10,ID: 169,Voltage: 2882
2026-08-11 10:23:10,ID: 169,Status: 8
2026-08-11 10:23:10,ID: 169,Current Timer: 817
2026-08-11 10:23:10,ID: 169,Contact Count: 0
2026-08-11 10:23:10,ID: 169,Voltage: 2882
2026-08-11 10:23:10,ID: 169,Status: 8
2026-08-11 10:23:10,ID: 169,Current Timer: 818
2026-08-11 10:23:10,ID: 169,Contact Count: 0
2026-08-11 10:23:10,ID: 169,Voltage: 2882
2026-08-11 10:23:11,ID: 169,Status: 8
2026-08-11 10:23:11,ID: 169,Current Timer: 818
2026-08-11 10:23:11,ID: 169,Contact Count: 0
2026-08-11 10:23:11,ID: 169,Voltage: 2882
2026-08-11 10:23:11,ID: 169,Status: 8
2026-08-11 10:23:11,ID: 169,Current Timer: 819
2026-08-11 10:23:11,ID: 169,Contact Count: 0
2026-08-11 10:23:11,ID: 169,Voltage: 2882
2026-08-11 10:23:12,ID: 169,Status: 8
2026-08-11 10:23:12,ID: 169,Current Timer: 819
2026-08-11 10:23:12,ID: 169,Contact Count: 0
2026-08-11 10:23:12,ID: 169,Voltage: 2882
2026-08-11 10:23:12,ID: 169,Status: 8
2026-08-11 10:23:12,ID: 169,Current Timer: 820
2026-08-11 10:23:12,ID: 169,Contact Count: 0
2026-08-11 10:23:12,ID: 169,Voltage: 2882
2026-08-11 10:23:13,ID: 169,Status: 8
2026-08-11 10:23:13,ID: 169,Current Timer: 820
2026-08-11 10:23:13,ID: 169,Contact Count: 0
2026-08-11 10:23:13,ID: 169,Voltage: 2882
2026-08-11 10:24:18,ID: 166,Status: 40
2026-08-11 10:24:18,ID: 166,Current Timer: 10
2026-08-11 10:24:18,ID: 166,Contact Count: 0
2026-08-11 10:24:18,ID: 166,Voltage: 2656
2026-08-11 10:24:18,ID: 166,Status: 40
2026-08-11 10:24:18,ID: 166,Current Timer: 10
2026-08-11 10:24:18,ID: 166,Contact Count: 0
2026-08-11 10:24:18,ID: 166,Voltage: 2656
2026-08-11 10:24:19,ID: 169,Status: 8
2026-08-11 10:24:19,ID: 169,Current Timer: 886
2026-08-11 10:24:19,ID: 169,Contact Count: 6
2026-08-11 10:24:19,ID: 169,Voltage: 2882
2026-08-11 10:24:19,ID: 169,ID2: 166, Timer: 826, RSSI: -35
2026-08-11 10:24:19,ID: 169,ID2: 166, Timer: 833, RSSI: -33
2026-08-11 10:24:19,ID: 169,ID2: 166, Timer: 840, RSSI: -33
2026-08-11 10:24:19,ID: 169,ID2: 166, Timer: 840, RSSI: -33
2026-08-11 10:24:19,ID: 169,ID2: 166, Timer: 868, RSSI: -60
2026-08-11 10:24:19,ID: 169,ID2: 166, Timer: 882, RSSI: -44
2026-08-11 10:24:19,ID: 169,Status: 8
2026-08-11 10:24:19,ID: 169,Current Timer: 887
2026-08-11 10:24:19,ID: 169,Contact Count: 0
2026-08-11 10:24:19,ID: 169,Voltage: 2882
2026-08-11 10:24:19,ID: 169,Status: 8
2026-08-11 10:24:20,ID: 169,Current Timer: 887
2026-08-11 10:24:20,ID: 169,Contact Count: 0
2026-08-11 10:24:20,ID: 169,Voltage: 2882
2026-08-11 10:24:20,ID: 169,Status: 8
2026-08-11 10:24:20,ID: 169,Current Timer: 888
2026-08-11 10:24:20,ID: 169,Contact Count: 0
2026-08-11 10:24:20,ID: 169,Voltage: 2882
2026-08-11 10:24:21,ID: 169,Status: 8
2026-08-11 10:24:21,ID: 169,Current Timer: 888
2026-08-11 10:24:21,ID: 169,Contact Count: 0
2026-08-11 10:24:21,ID: 169,Voltage: 2882
2026-08-11 10:24:21,ID: 169,Status: 8
2026-08-11 10:24:21,ID: 169,Current Timer: 889
2026-08-11 10:24:21,ID: 169,Contact Count: 0
2026-08-11 10:24:21,ID: 169,Voltage: 2882
2026-08-11 10:24:21,ID: 169,Status: 8
2026-08-11 10:24:22,ID: 169,Current Timer: 889
2026-08-11 10:24:22,ID: 169,Contact Count: 0
2026-08-11 10:24:22,ID: 169,Voltage: 2882
2026-08-11 10:24:22,ID: 169,Status: 8
2026-08-11 10:24:22,ID: 169,Current Timer: 890
2026-08-11 10:24:22,ID: 169,Contact Count: 0
2026-08-11 10:24:22,ID: 169,Voltage: 2882
2026-08-11 10:24:23,ID: 166,Status: 40
2026-08-11 10:24:23,ID: 166,Current Timer: 15
2026-08-11 10:24:23,ID: 166,Contact Count: 0
2026-08-11 10:24:23,ID: 166,Voltage: 2656
2026-08-11 10:26:10,ID: 169,Status: 8
2026-08-11 10:26:10,ID: 169,Current Timer: 997
2026-08-11 10:26:10,ID: 169,Contact Count: 8
2026-08-11 10:26:10,ID: 169,Voltage: 2882
2026-08-11 10:26:10,ID: 169,ID2: 166, Timer: 903, RSSI: -44
2026-08-11 10:26:10,ID: 169,ID2: 166, Timer: 910, RSSI: -46
2026-08-11 10:26:10,ID: 169,ID2: 166, Timer: 917, RSSI: -45
2026-08-11 10:26:10,ID: 169,ID2: 166, Timer: 924, RSSI: -44
2026-08-11 10:26:10,ID: 169,ID2: 166, Timer: 924, RSSI: -44
2026-08-11 10:26:10,ID: 169,ID2: 166, Timer: 952, RSSI: -48
2026-08-11 10:26:10,ID: 169,ID2: 166, Timer: 966, RSSI: -46
2026-08-11 10:26:10,ID: 169,ID2: 166, Timer: 980, RSSI: -48
2026-08-11 10:26:10,ID: 169,Status: 8
2026-08-11 10:26:10,ID: 169,Current Timer: 998
2026-08-11 10:26:10,ID: 169,Contact Count: 0
2026-08-11 10:26:10,ID: 169,Voltage: 2882
2026-08-11 10:26:10,ID: 169,Status: 8
2026-08-11 10:26:11,ID: 169,Current Timer: 998
2026-08-11 10:26:11,ID: 169,Contact Count: 0
2026-08-11 10:26:11,ID: 169,Voltage: 2882
2026-08-11 10:26:11,ID: 166,Status: 40
2026-08-11 10:26:11,ID: 166,Current Timer: 47
2026-08-11 10:26:11,ID: 166,Contact Count: 5
2026-08-11 10:26:11,ID: 166,Voltage: 2677
2026-08-11 10:26:11,ID: 166,ID2: 169, Timer: 7, RSSI: -49
2026-08-11 10:26:11,ID: 166,ID2: 169, Timer: 21, RSSI: -44
2026-08-11 10:26:11,ID: 166,ID2: 169, Timer: 28, RSSI: -48
2026-08-11 10:26:11,ID: 166,ID2: 169, Timer: 35, RSSI: -46
2026-08-11 10:26:11,ID: 166,ID2: 169, Timer: 42, RSSI: -45
2026-08-11 10:26:11,ID: 166,Status: 40
2026-08-11 10:26:12,ID: 166,Current Timer: 47
2026-08-11 10:26:12,ID: 166,Contact Count: 0
2026-08-11 10:26:12,ID: 166,Voltage: 2677
2026-08-11 10:26:12,ID: 166,Status: 40
2026-08-11 10:26:12,ID: 166,Current Timer: 48
2026-08-11 10:26:12,ID: 166,Contact Count: 0
2026-08-11 10:26:12,ID: 166,Voltage: 2677
2026-08-11 10:26:12,ID: 169,Status: 8
2026-08-11 10:26:13,ID: 169,Current Timer: 1000
2026-08-11 10:26:13,ID: 169,Contact Count: 0
2026-08-11 10:26:13,ID: 169,Voltage: 2882
2026-08-11 10:26:13,ID: 169,Status: 8
2026-08-11 10:26:13,ID: 169,Current Timer: 1001
2026-08-11 10:26:13,ID: 169,Contact Count: 0
2026-08-11 10:26:13,ID: 169,Voltage: 2882
2026-08-11 10:26:13,ID: 169,Status: 8
2026-08-11 10:26:14,ID: 169,Current Timer: 1001
2026-08-11 10:26:14,ID: 169,Contact Count: 0
2026-08-11 10:26:14,ID: 169,Voltage: 2882
2026-08-11 10:26:14,ID: 169,Status: 8
2026-08-11 10:26:14,ID: 169,Current Timer: 1002
2026-08-11 10:26:14,ID: 169,Contact Count: 0
2026-08-11 10:26:14,ID: 169,Voltage: 2882
2026-08-11 10:26:14,ID: 169,Status: 8
2026-08-11 10:26:15,ID: 169,Current Timer: 1002
2026-08-11 10:26:15,ID: 169,Contact Count: 0
2026-08-11 10:26:15,ID: 169,Voltage: 2882
