2026-08-11 09:50:19,ID: 169,Status: 146
2026-08-11 09:50:19,ID: 169,Current Timer: 7267
2026-08-11 09:50:19,ID: 169,Contact Count: 2
2026-08-11 09:50:19,ID: 169,Voltage: 2900
2026-08-11 09:50:19,ID: 169,ID2: 166, Timer: 6942, RSSI: -53
2026-08-11 09:50:19,ID: 169,ID2: 166, Timer: 7242, RSSI: -51
2026-08-11 09:50:19,ID: 166,Status: 18
2026-08-11 09:50:20,ID: 166,Current Timer: 42601
2026-08-11 09:50:20,ID: 166,Contact Count: 44
2026-08-11 09:50:20,ID: 166,Voltage: 2854
2026-08-11 09:50:20,ID: 166,ID2: 169, Timer: 42049, RSSI: -52
2026-08-11 09:50:20,ID: 166,ID2: 169, Timer: 42056, RSSI: -52
2026-08-11 09:50:20,ID: 166,ID2: 169, Timer: 42063, RSSI: -54
2026-08-11 09:50:20,ID: 166,ID2: 169, Timer: 42084, RSSI: -52
2026-08-11 09:50:20,ID: 166,ID2: 169, Timer: 42091, RSSI: -52
2026-08-11 09:50:20,ID: 166,ID2: 169, Timer: 42105, RSSI: -51
2026-08-11 09:50:20,ID: 166,ID2: 169, Timer: 42112, RSSI: -52
2026-08-11 09:50:20,ID: 166,ID2: 169, Timer: 42119, RSSI: -52
2026-08-11 09:50:20,ID: 166,ID2: 169, Timer: 42133, RSSI: -53
2026-08-11 09:50:20,ID: 166,ID2: 169, Timer: 42140, RSSI: -51
2026-08-11 09:50:20,ID: 166,ID2: 169, Timer: 42147, RSSI: -50
2026-08-11 09:50:20,ID: 166,ID2: 169, Timer: 42161, RSSI: -51
2026-08-11 09:50:20,ID: 166,ID2: 169, Timer: 42175, RSSI: -53
2026-08-11 09:50:20,ID: 166,ID2: 169, Timer: 42182, RSSI: -49
2026-08-11 09:50:20,ID: 166,ID2: 169, Timer: 42189, RSSI: -50
2026-08-11 09:50:20,ID: 166,ID2: 169, Timer: 42189, RSSI: -50
2026-08-11 09:50:20,ID: 166,ID2: 169, Timer: 42196, RSSI: -52
2026-08-11 09:50:20,ID: 166,ID2: 169, Timer: 42210, RSSI: -50
2026-08-11 09:50:20,ID: 166,ID2: 169, Timer: 42217, RSSI: -52
2026-08-11 09:50:20,ID: 166,ID2: 169, Timer: 42231, RSSI: -48
2026-08-11 09:50:20,ID: 166,ID2: 169, Timer: 42245, RSSI: -49
2026-08-11 09:50:20,ID: 166,ID2: 169, Timer: 42252, RSSI: -49
2026-08-11 09:50:20,ID: 166,ID2: 169, Timer: 42273, RSSI: -47
2026-08-11 09:50:20,ID: 166,ID2: 169, Timer: 42301, RSSI: -51
2026-08-11 09:50:20,ID: 166,ID2: 169, Timer: 42315, RSSI: -48
2026-08-11 09:50:20,ID: 166,ID2: 169, Timer: 42336, RSSI: -47
2026-08-11 09:50:20,ID: 166,ID2: 169, Timer: 42343, RSSI: -52
2026-08-11 09:50:20,ID: 166,ID2: 169, Timer: 42357, RSSI: -48
2026-08-11 09:50:20,ID: 166,ID2: 169, Timer: 42371, RSSI: -50
2026-08-11 09:50:20,ID: 166,ID2: 169, Timer: 42378, RSSI: -49
2026-08-11 09:50:20,ID: 166,ID2: 169, Timer: 42399, RSSI: -49
2026-08-11 09:50:20,ID: 166,ID2: 169, Timer: 42413, RSSI: -51
2026-08-11 09:50:20,ID: 166,ID2: 169, Timer: 42427, RSSI: -53
2026-08-11 09:50:20,ID: 166,ID2: 169, Timer: 42441, RSSI: -48
2026-08-11 09:50:20,ID: 166,ID2: 169, Timer: 42469, RSSI: -53
2026-08-11 09:50:20,ID: 166,ID2: 169, Timer: 42483, RSSI: -49
2026-08-11 09:50:20,ID: 166,ID2: 169, Timer: 42483, RSSI: -49
2026-08-11 09:50:20,ID: 166,ID2: 169, Timer: 42497, RSSI: -51
2026-08-11 09:50:20,ID: 166,ID2: 169, Timer: 42511, RSSI: -53
2026-08-11 09:50:20,ID: 166,ID2: 169, Timer: 42525, RSSI: -49
2026-08-11 09:50:20,ID: 166,ID2: 169, Timer: 42553, RSSI: -53
2026-08-11 09:50:20,ID: 166,ID2: 169, Timer: 42567, RSSI: -49
2026-08-11 09:50:20,ID: 166,ID2: 169, Timer: 42588, RSSI: -50
2026-08-11 09:50:20,ID: 166,ID2: 169, Timer: 42595, RSSI: -52
2026-08-11 09:50:20,ID: 166,Status: 16
2026-08-11 09:50:20,ID: 166,Current Timer: 42601
2026-08-11 09:50:20,ID: 166,Contact Count: 0
2026-08-11 09:50:20,ID: 166,Voltage: 2854
2026-08-11 09:50:20,ID: 166,Status: 16
2026-08-11 09:50:21,ID: 166,Current Timer: 42602
2026-08-11 09:50:21,ID: 166,Contact Count: 0
2026-08-11 09:50:21,ID: 166,Voltage: 2854
2026-08-11 09:50:21,ID: 166,Status: 16
2026-08-11 09:50:21,ID: 166,Current Timer: 42602
2026-08-11 09:50:21,ID: 166,Contact Count: 0
2026-08-11 09:50:21,ID: 166,Voltage: 2854
2026-08-11 09:50:21,ID: 166,Status: 16
2026-08-11 09:50:22,ID: 166,Current Timer: 42603
2026-08-11 09:50:22,ID: 166,Contact Count: 0
2026-08-11 09:50:22,ID: 166,Voltage: 2854
2026-08-11 09:50:22,ID: 166,Status: 16
2026-08-11 09:50:22,ID: 166,Current Timer: 42603
2026-08-11 09:50:22,ID: 166,Contact Count: 0
2026-08-11 09:50:22,ID: 166,Voltage: 2854
2026-08-11 09:50:22,ID: 166,Status: 16
2026-08-11 09:50:23,ID: 166,Current Timer: 42604
2026-08-11 09:50:23,ID: 166,Contact Count: 0
2026-08-11 09:50:23,ID: 166,Voltage: 2854
2026-08-11 09:50:23,ID: 166,Status: 16
2026-08-11 09:50:23,ID: 166,Current Timer: 42604
2026-08-11 09:50:23,ID: 166,Contact Count: 0
2026-08-11 09:50:23,ID: 166,Voltage: 2854
2026-08-11 09:50:23,ID: 166,Status: 16
2026-08-11 09:50:24,ID: 166,Current Timer: 42605
2026-08-11 09:50:24,ID: 166,Contact Count: 0
2026-08-11 09:50:24,ID: 166,Voltage: 2854
2026-08-11 09:50:24,ID: 166,Status: 16
2026-08-11 09:50:24,ID: 166,Status: 16
2026-08-11 09:50:24,ID: 166,Current Timer: 42606
2026-08-11 09:50:24,ID: 166,Contact Count: 0
2026-08-11 09:50:24,ID: 166,Voltage: 2854
