2026-08-09 21:55:17,ID:1,Current Timer: 26137
2026-08-09 21:55:17,ID:1,Contact Count: 371
2026-08-09 21:55:17,ID:1,Voltage: 2877
2026-08-09 21:55:17,ID:1,ID2: 253, Timer: 83, RSSI: -35
2026-08-09 21:55:17,ID:1,ID2: 253, Timer: 97, RSSI: -37
2026-08-09 21:55:17,ID:1,ID2: 253, Timer: 98, RSSI: -37
2026-08-09 21:55:17,ID:1,ID2: 253, Timer: 118, RSSI: -37
2026-08-09 21:55:17,ID:1,ID2: 253, Timer: 125, RSSI: -40
2026-08-09 21:55:17,ID:1,ID2: 253, Timer: 139, RSSI: -49
2026-08-09 21:55:17,ID:1,ID2: 253, Timer: 140, RSSI: -49
2026-08-09 21:55:17,ID:1,ID2: 253, Timer: 174, RSSI: -41
2026-08-09 21:55:17,ID:1,ID2: 253, Timer: 181, RSSI: -49
2026-08-09 21:55:17,ID:1,ID2: 253, Timer: 223, RSSI: -48
2026-08-09 21:55:17,ID:1,ID2: 253, Timer: 251, RSSI: -44
2026-08-09 21:55:17,ID:1,ID2: 253, Timer: 265, RSSI: -50
2026-08-09 21:55:17,ID:1,ID2: 253, Timer: 279, RSSI: -41
2026-08-09 21:55:17,ID:1,ID2: 253, Timer: 300, RSSI: -40
2026-08-09 21:55:17,ID:1,ID2: 253, Timer: 307, RSSI: -49
2026-08-09 21:55:17,ID:1,ID2: 253, Timer: 314, RSSI: -45
2026-08-09 21:55:17,ID:1,ID2: 253, Timer: 349, RSSI: -49
2026-08-09 21:55:17,ID:1,ID2: 253, Timer: 370, RSSI: -49
2026-08-09 21:55:17,ID:1,ID2: 253, Timer: 391, RSSI: -49
2026-08-09 21:55:17,ID:1,ID2: 253, Timer: 405, RSSI: -40
2026-08-09 21:55:17,ID:1,ID2: 253, Timer: 426, RSSI: -41
2026-08-09 21:55:17,ID:1,ID2: 253, Timer: 433, RSSI: -49
2026-08-09 21:55:17,ID:1,ID2: 253, Timer: 447, RSSI: -40
2026-08-09 21:55:17,ID:1,ID2: 253, Timer: 454, RSSI: -49
2026-08-09 21:55:17,ID:1,ID2: 253, Timer: 475, RSSI: -49
2026-08-09 21:55:17,ID:1,ID2: 253, Timer: 489, RSSI: -40
2026-08-09 21:55:17,ID:1,ID2: 253, Timer: 496, RSSI: -49
2026-08-09 21:55:17,ID:1,ID2: 253, Timer: 510, RSSI: -40
2026-08-09 21:55:17,ID:1,ID2: 253, Timer: 524, RSSI: -45
2026-08-09 21:55:17,ID:1,ID2: 253, Timer: 531, RSSI: -40
2026-08-09 21:55:17,ID:1,ID2: 253, Timer: 538, RSSI: -49
2026-08-09 21:55:17,ID:1,ID2: 253, Timer: 552, RSSI: -40
2026-08-09 21:55:17,ID:1,ID2: 253, Timer: 559, RSSI: -49
2026-08-09 21:55:17,ID:1,ID2: 253, Timer: 566, RSSI: -45
2026-08-09 21:55:17,ID:1,ID2: 253, Timer: 573, RSSI: -40
2026-08-09 21:55:17,ID:1,ID2: 253, Timer: 601, RSSI: -49
2026-08-09 21:55:17,ID:1,ID2: 253, Timer: 615, RSSI: -41
2026-08-09 21:55:17,ID:1,ID2: 253, Timer: 622, RSSI: -49
2026-08-09 21:55:17,ID:1,ID2: 253, Timer: 629, RSSI: -45
2026-08-09 21:55:17,ID:1,ID2: 253, Timer: 636, RSSI: -40
2026-08-09 21:55:17,ID:1,ID2: 253, Timer: 643, RSSI: -49
2026-08-09 21:55:17,ID:1,ID2: 253, Timer: 643, RSSI: -49
2026-08-09 21:55:17,ID:1,ID2: 253, Timer: 657, RSSI: -41
2026-08-09 21:55:17,ID:1,ID2: 253, Timer: 664, RSSI: -49
2026-08-09 21:55:17,ID:1,ID2: 253, Timer: 685, RSSI: -49
2026-08-09 21:55:17,ID:1,ID2: 253, Timer: 686, RSSI: -49
2026-08-09 21:55:17,ID:1,ID2: 253, Timer: 706, RSSI: -49
2026-08-09 21:55:17,ID:1,ID2: 253, Timer: 713, RSSI: -45
2026-08-09 21:55:17,ID:1,ID2: 253, Timer: 727, RSSI: -49
2026-08-09 21:55:17,ID:1,ID2: 253, Timer: 734, RSSI: -45
2026-08-09 21:55:17,ID:1,ID2: 253, Timer: 748, RSSI: -49
2026-08-09 21:55:17,ID:1,ID2: 253, Timer: 755, RSSI: -45
2026-08-09 21:55:17,ID:1,ID2: 253, Timer: 769, RSSI: -49
2026-08-09 21:55:17,ID:1,ID2: 253, Timer: 769, RSSI: -49
2026-08-09 21:55:17,ID:1,ID2: 253, Timer: 783, RSSI: -40
2026-08-09 21:55:17,ID:1,ID2: 253, Timer: 811, RSSI: -49
2026-08-09 21:55:17,ID:1,ID2: 253, Timer: 818, RSSI: -45
2026-08-09 21:55:17,ID:1,ID2: 253, Timer: 832, RSSI: -49
2026-08-09 21:55:17,ID:1,ID2: 253, Timer: 839, RSSI: -45
2026-08-09 21:55:17,ID:1,ID2: 253, Timer: 853, RSSI: -49
2026-08-09 21:55:17,ID:1,ID2: 253, Timer: 854, RSSI: -49
2026-08-09 21:55:17,ID:1,ID2: 253, Timer: 867, RSSI: -41
2026-08-09 21:55:17,ID:1,ID2: 253, Timer: 874, RSSI: -49
2026-08-09 21:55:17,ID:1,ID2: 253, Timer: 895, RSSI: -49
2026-08-09 21:55:17,ID:1,ID2: 253, Timer: 896, RSSI: -49
2026-08-09 21:55:17,ID:1,ID2: 253, Timer: 902, RSSI: -45
2026-08-09 21:55:17,ID:1,ID2: 253, Timer: 909, RSSI: -41
2026-08-09 21:55:17,ID:1,ID2: 253, Timer: 916, RSSI: -49
2026-08-09 21:55:17,ID:1,ID2: 253, Timer: 937, RSSI: -49
2026-08-09 21:55:17,ID:1,ID2: 253, Timer: 944, RSSI: -45
2026-08-09 21:55:17,ID:1,ID2: 253, Timer: 972, RSSI: -40
2026-08-09 21:55:17,ID:1,ID2: 253, Timer: 979, RSSI: -49
2026-08-09 21:55:17,ID:1,ID2: 253, Timer: 986, RSSI: -45
2026-08-09 21:55:17,ID:1,ID2: 253, Timer: 1007, RSSI: -45
2026-08-09 21:55:17,ID:1,ID2: 253, Timer: 1014, RSSI: -40
2026-08-09 21:55:17,ID:1,ID2: 253, Timer: 1021, RSSI: -49
2026-08-09 21:55:17,ID:1,ID2: 253, Timer: 1028, RSSI: -45
2026-08-09 21:55:17,ID:1,ID2: 253, Timer: 1049, RSSI: -45
2026-08-09 21:55:17,ID:1,ID2: 253, Timer: 1063, RSSI: -49
2026-08-09 21:55:17,ID:1,ID2: 253, Timer: 1064, RSSI: -49
2026-08-09 21:55:17,ID:1,ID2: 253, Timer: 1084, RSSI: -49
2026-08-09 21:55:17,ID:1,ID2: 253, Timer: 1091, RSSI: -45
2026-08-09 21:55:17,ID:1,ID2: 253, Timer: 1105, RSSI: -49
2026-08-09 21:55:17,ID:1,ID2: 253, Timer: 1112, RSSI: -45
2026-08-09 21:55:17,ID:1,ID2: 253, Timer: 1126, RSSI: -49
2026-08-09 21:55:17,ID:1,ID2: 253, Timer: 1147, RSSI: -49
2026-08-09 21:55:17,ID:1,ID2: 253, Timer: 1161, RSSI: -40
2026-08-09 21:55:17,ID:1,ID2: 253, Timer: 1168, RSSI: -49
2026-08-09 21:55:17,ID:1,ID2: 253, Timer: 1175, RSSI: -45
2026-08-09 21:55:17,ID:1,ID2: 253, Timer: 1189, RSSI: -49
2026-08-09 21:55:17,ID:1,ID2: 253, Timer: 1231, RSSI: -49
2026-08-09 21:55:17,ID:1,ID2: 253, Timer: 1232, RSSI: -49
2026-08-09 21:55:17,ID:1,ID2: 253, Timer: 1238, RSSI: -45
2026-08-09 21:55:17,ID:1,ID2: 253, Timer: 1245, RSSI: -40
2026-08-09 21:55:17,ID:1,ID2: 253, Timer: 1252, RSSI: -49
2026-08-09 21:55:17,ID:1,ID2: 253, Timer: 1259, RSSI: -45
2026-08-09 21:55:17,ID:1,ID2: 253, Timer: 1273, RSSI: -49
2026-08-09 21:55:17,ID:1,ID2: 253, Timer: 1287, RSSI: -40
2026-08-09 21:55:17,ID:1,ID2: 253, Timer: 1294, RSSI: -49
2026-08-09 21:55:17,ID:1,ID2: 253, Timer: 1301, RSSI: -45
2026-08-09 21:55:17,ID:1,ID2: 253, Timer: 1315, RSSI: -49
2026-08-09 21:55:17,ID:1,ID2: 253, Timer: 1329, RSSI: -40
2026-08-09 21:55:17,ID:1,ID2: 253, Timer: 1336, RSSI: -49
2026-08-09 21:55:17,ID:1,ID2: 253, Timer: 1350, RSSI: -40
2026-08-09 21:55:17,ID:1,ID2: 253, Timer: 1357, RSSI: -49
2026-08-09 21:55:17,ID:1,ID2: 253, Timer: 1364, RSSI: -45
2026-08-09 21:55:17,ID:1,ID2: 253, Timer: 1385, RSSI: -45
2026-08-09 21:55:17,ID:1,ID2: 253, Timer: 1399, RSSI: -49
2026-08-09 21:55:17,ID:1,ID2: 253, Timer: 1427, RSSI: -45
2026-08-09 21:55:17,ID:1,ID2: 253, Timer: 1441, RSSI: -49
2026-08-09 21:55:17,ID:1,ID2: 253, Timer: 1448, RSSI: -45
2026-08-09 21:55:17,ID:1,ID2: 253, Timer: 1483, RSSI: -49
2026-08-09 21:55:17,ID:1,ID2: 253, Timer: 1497, RSSI: -40
2026-08-09 21:55:17,ID:1,ID2: 253, Timer: 1511, RSSI: -45
2026-08-09 21:55:17,ID:1,ID2: 253, Timer: 1525, RSSI: -49
2026-08-09 21:55:17,ID:1,ID2: 253, Timer: 1525, RSSI: -49
2026-08-09 21:55:17,ID:1,ID2: 253, Timer: 1567, RSSI: -49
2026-08-09 21:55:17,ID:1,ID2: 253, Timer: 1568, RSSI: -49
2026-08-09 21:55:17,ID:1,ID2: 253, Timer: 1588, RSSI: -49
2026-08-09 21:55:17,ID:1,ID2: 253, Timer: 1602, RSSI: -40
2026-08-09 21:55:17,ID:1,ID2: 253, Timer: 1609, RSSI: -49
2026-08-09 21:55:17,ID:1,ID2: 253, Timer: 1623, RSSI: -40
2026-08-09 21:55:17,ID:1,ID2: 253, Timer: 1651, RSSI: -49
2026-08-09 21:55:17,ID:1,ID2: 253, Timer: 1658, RSSI: -45
2026-08-09 21:55:17,ID:1,ID2: 253, Timer: 1665, RSSI: -41
2026-08-09 21:55:17,ID:1,ID2: 253, Timer: 1672, RSSI: -49
2026-08-09 21:55:17,ID:1,ID2: 253, Timer: 1686, RSSI: -40
2026-08-09 21:55:17,ID:1,ID2: 253, Timer: 1693, RSSI: -49
2026-08-09 21:55:17,ID:1,ID2: 253, Timer: 1707, RSSI: -40
2026-08-09 21:55:17,ID:1,ID2: 253, Timer: 1714, RSSI: -49
2026-08-09 21:55:17,ID:1,ID2: 253, Timer: 1728, RSSI: -40
2026-08-09 21:55:17,ID:1,ID2: 253, Timer: 1735, RSSI: -49
2026-08-09 21:55:17,ID:1,ID2: 253, Timer: 1736, RSSI: -49
2026-08-09 21:55:17,ID:1,ID2: 253, Timer: 1749, RSSI: -40
2026-08-09 21:55:17,ID:1,ID2: 253, Timer: 1763, RSSI: -45
2026-08-09 21:55:17,ID:1,ID2: 253, Timer: 1777, RSSI: -49
2026-08-09 21:55:17,ID:1,ID2: 253, Timer: 1784, RSSI: -45
2026-08-09 21:55:17,ID:1,ID2: 253, Timer: 1791, RSSI: -40
2026-08-09 21:55:17,ID:1,ID2: 253, Timer: 1819, RSSI: -49
2026-08-09 21:55:17,ID:1,ID2: 253, Timer: 1820, RSSI: -49
2026-08-09 21:55:17,ID:1,ID2: 253, Timer: 1826, RSSI: -45
2026-08-09 21:55:17,ID:1,ID2: 253, Timer: 1833, RSSI: -40
2026-08-09 21:55:17,ID:1,ID2: 253, Timer: 1847, RSSI: -45
2026-08-09 21:55:17,ID:1,ID2: 253, Timer: 1861, RSSI: -49
2026-08-09 21:55:17,ID:1,ID2: 253, Timer: 1889, RSSI: -45
2026-08-09 21:55:17,ID:1,ID2: 253, Timer: 1896, RSSI: -40
2026-08-09 21:55:17,ID:1,ID2: 253, Timer: 1903, RSSI: -49
2026-08-09 21:55:17,ID:1,ID2: 253, Timer: 1910, RSSI: -45
2026-08-09 21:55:17,ID:1,ID2: 253, Timer: 1924, RSSI: -49
2026-08-09 21:55:17,ID:1,ID2: 253, Timer: 1931, RSSI: -45
2026-08-09 21:55:17,ID:1,ID2: 253, Timer: 1938, RSSI: -40
2026-08-09 21:55:17,ID:1,ID2: 253, Timer: 1945, RSSI: -49
2026-08-09 21:55:17,ID:1,ID2: 253, Timer: 1946, RSSI: -49
2026-08-09 21:55:17,ID:1,ID2: 253, Timer: 1966, RSSI: -49
2026-08-09 21:55:17,ID:1,ID2: 253, Timer: 1980, RSSI: -41
2026-08-09 21:55:17,ID:1,ID2: 253, Timer: 1987, RSSI: -49
2026-08-09 21:55:17,ID:1,ID2: 253, Timer: 1994, RSSI: -45
2026-08-09 21:55:17,ID:1,ID2: 253, Timer: 2001, RSSI: -41
2026-08-09 21:55:17,ID:1,ID2: 253, Timer: 2015, RSSI: -45
2026-08-09 21:55:17,ID:1,ID2: 253, Timer: 2022, RSSI: -40
2026-08-09 21:55:17,ID:1,ID2: 253, Timer: 2029, RSSI: -49
2026-08-09 21:55:17,ID:1,ID2: 253, Timer: 2036, RSSI: -45
2026-08-09 21:55:17,ID:1,ID2: 253, Timer: 2043, RSSI: -40
2026-08-09 21:55:17,ID:1,ID2: 253, Timer: 2050, RSSI: -49
2026-08-09 21:55:17,ID:1,ID2: 253, Timer: 2064, RSSI: -40
2026-08-09 21:55:17,ID:1,ID2: 253, Timer: 2071, RSSI: -49
2026-08-09 21:55:17,ID:1,ID2: 253, Timer: 2099, RSSI: -45
2026-08-09 21:55:17,ID:1,ID2: 253, Timer: 2113, RSSI: -49
2026-08-09 21:55:17,ID:1,ID2: 253, Timer: 2127, RSSI: -40
2026-08-09 21:55:17,ID:1,ID2: 253, Timer: 2148, RSSI: -40
2026-08-09 21:55:17,ID:1,ID2: 253, Timer: 2155, RSSI: -49
2026-08-09 21:55:17,ID:1,ID2: 253, Timer: 2176, RSSI: -49
2026-08-09 21:55:17,ID:1,ID2: 253, Timer: 2190, RSSI: -40
2026-08-09 21:55:17,ID:1,ID2: 253, Timer: 2197, RSSI: -49
2026-08-09 21:55:17,ID:1,ID2: 253, Timer: 2204, RSSI: -45
2026-08-09 21:55:17,ID:1,ID2: 253, Timer: 2218, RSSI: -49
2026-08-09 21:55:17,ID:1,ID2: 253, Timer: 2239, RSSI: -49
2026-08-09 21:55:17,ID:1,ID2: 253, Timer: 2260, RSSI: -49
2026-08-09 21:55:17,ID:1,ID2: 253, Timer: 2281, RSSI: -49
2026-08-09 21:55:17,ID:1,ID2: 253, Timer: 2288, RSSI: -45
2026-08-09 21:55:17,ID:1,ID2: 253, Timer: 2302, RSSI: -49
2026-08-09 21:55:17,ID:1,ID2: 253, Timer: 2323, RSSI: -49
2026-08-09 21:55:17,ID:1,ID2: 253, Timer: 2330, RSSI: -45
2026-08-09 21:55:17,ID:1,ID2: 253, Timer: 2344, RSSI: -49
2026-08-09 21:55:17,ID:1,ID2: 253, Timer: 2365, RSSI: -49
2026-08-09 21:55:17,ID:1,ID2: 253, Timer: 2366, RSSI: -49
2026-08-09 21:55:17,ID:1,ID2: 253, Timer: 2372, RSSI: -45
2026-08-09 21:55:17,ID:1,ID2: 253, Timer: 2379, RSSI: -40
2026-08-09 21:55:17,ID:1,ID2: 253, Timer: 2407, RSSI: -49
2026-08-09 21:55:17,ID:1,ID2: 253, Timer: 2408, RSSI: -49
2026-08-09 21:55:17,ID:1,ID2: 253, Timer: 2421, RSSI: -40
2026-08-09 21:55:17,ID:1,ID2: 253, Timer: 2435, RSSI: -45
2026-08-09 21:55:17,ID:1,ID2: 253, Timer: 2449, RSSI: -49
2026-08-09 21:55:17,ID:1,ID2: 253, Timer: 2470, RSSI: -49
2026-08-09 21:55:17,ID:1,ID2: 253, Timer: 2477, RSSI: -45
2026-08-09 21:55:17,ID:1,ID2: 253, Timer: 2491, RSSI: -49
2026-08-09 21:55:17,ID:1,ID2: 253, Timer: 2492, RSSI: -49
2026-08-09 21:55:17,ID:1,ID2: 253, Timer: 2498, RSSI: -45
2026-08-09 21:55:17,ID:1,ID2: 253, Timer: 2505, RSSI: -40
2026-08-09 21:55:17,ID:1,ID2: 253, Timer: 2519, RSSI: -45
2026-08-09 21:55:17,ID:1,ID2: 253, Timer: 2526, RSSI: -40
2026-08-09 21:55:17,ID:1,ID2: 253, Timer: 2533, RSSI: -49
2026-08-09 21:55:17,ID:1,ID2: 253, Timer: 2547, RSSI: -40
2026-08-09 21:55:17,ID:1,ID2: 253, Timer: 2575, RSSI: -49
2026-08-09 21:55:17,ID:1,ID2: 253, Timer: 2589, RSSI: -40
2026-08-09 21:55:17,ID:1,ID2: 253, Timer: 2596, RSSI: -49
2026-08-09 21:55:17,ID:1,ID2: 253, Timer: 2603, RSSI: -45
2026-08-09 21:55:17,ID:1,ID2: 253, Timer: 2617, RSSI: -49
2026-08-09 21:55:17,ID:1,ID2: 253, Timer: 2638, RSSI: -49
2026-08-09 21:55:17,ID:1,ID2: 253, Timer: 2659, RSSI: -49
2026-08-09 21:55:17,ID:1,ID2: 253, Timer: 2666, RSSI: -45
2026-08-09 21:55:17,ID:1,ID2: 253, Timer: 2680, RSSI: -49
2026-08-09 21:55:17,ID:1,ID2: 253, Timer: 2687, RSSI: -45
2026-08-09 21:55:17,ID:1,ID2: 253, Timer: 2694, RSSI: -40
2026-08-09 21:55:17,ID:1,ID2: 253, Timer: 2708, RSSI: -45
2026-08-09 21:55:17,ID:1,ID2: 253, Timer: 2722, RSSI: -49
2026-08-09 21:55:17,ID:1,ID2: 253, Timer: 2729, RSSI: -45
2026-08-09 21:55:17,ID:1,ID2: 253, Timer: 2736, RSSI: -40
2026-08-09 21:55:17,ID:1,ID2: 253, Timer: 2743, RSSI: -49
2026-08-09 21:55:17,ID:1,ID2: 253, Timer: 2757, RSSI: -40
2026-08-09 21:55:17,ID:1,ID2: 253, Timer: 2764, RSSI: -49
2026-08-09 21:55:17,ID:1,ID2: 253, Timer: 2771, RSSI: -45
2026-08-09 21:55:17,ID:1,ID2: 253, Timer: 2785, RSSI: -49
2026-08-09 21:55:17,ID:1,ID2: 253, Timer: 2786, RSSI: -49
2026-08-09 21:55:17,ID:1,ID2: 253, Timer: 2799, RSSI: -40
2026-08-09 21:55:17,ID:1,ID2: 253, Timer: 2806, RSSI: -49
2026-08-09 21:55:17,ID:1,ID2: 253, Timer: 2813, RSSI: -45
2026-08-09 21:55:17,ID:1,ID2: 253, Timer: 2820, RSSI: -40
2026-08-09 21:55:17,ID:1,ID2: 253, Timer: 2827, RSSI: -49
2026-08-09 21:55:17,ID:1,ID2: 253, Timer: 2855, RSSI: -45
2026-08-09 21:55:17,ID:1,ID2: 253, Timer: 2869, RSSI: -49
2026-08-09 21:55:17,ID:1,ID2: 253, Timer: 2890, RSSI: -49
2026-08-09 21:55:17,ID:1,ID2: 253, Timer: 2897, RSSI: -45
2026-08-09 21:55:17,ID:1,ID2: 253, Timer: 2911, RSSI: -49
2026-08-09 21:55:17,ID:1,ID2: 253, Timer: 2953, RSSI: -49
2026-08-09 21:55:17,ID:1,ID2: 253, Timer: 2954, RSSI: -49
2026-08-09 21:55:17,ID:1,ID2: 253, Timer: 2960, RSSI: -45
2026-08-09 21:55:17,ID:1,ID2: 253, Timer: 2967, RSSI: -41
2026-08-09 21:55:17,ID:1,ID2: 253, Timer: 2995, RSSI: -49
2026-08-09 21:55:17,ID:1,ID2: 253, Timer: 3037, RSSI: -49
2026-08-09 21:55:17,ID:1,ID2: 253, Timer: 3044, RSSI: -45
2026-08-09 21:55:17,ID:1,ID2: 253, Timer: 3058, RSSI: -49
2026-08-09 21:55:17,ID:1,ID2: 253, Timer: 3065, RSSI: -45
2026-08-09 21:55:17,ID:1,ID2: 253, Timer: 3079, RSSI: -49
2026-08-09 21:55:17,ID:1,ID2: 253, Timer: 3086, RSSI: -45
2026-08-09 21:55:17,ID:1,ID2: 253, Timer: 3121, RSSI: -49
2026-08-09 21:55:17,ID:1,ID2: 253, Timer: 3122, RSSI: -49
2026-08-09 21:55:17,ID:1,ID2: 253, Timer: 3135, RSSI: -40
2026-08-09 21:55:17,ID:1,ID2: 253, Timer: 3149, RSSI: -45
2026-08-09 21:55:17,ID:1,ID2: 253, Timer: 3156, RSSI: -40
2026-08-09 21:55:17,ID:1,ID2: 253, Timer: 3163, RSSI: -49
2026-08-09 21:55:17,ID:1,ID2: 253, Timer: 3184, RSSI: -49
2026-08-09 21:55:17,ID:1,ID2: 253, Timer: 3191, RSSI: -45
2026-08-09 21:55:17,ID:1,ID2: 253, Timer: 3206, RSSI: -49
2026-08-09 21:55:17,ID:1,ID2: 253, Timer: 3226, RSSI: -49
2026-08-09 21:55:17,ID:1,ID2: 253, Timer: 3247, RSSI: -49
2026-08-09 21:55:17,ID:1,ID2: 253, Timer: 3254, RSSI: -45
2026-08-09 21:55:17,ID:1,ID2: 253, Timer: 3282, RSSI: -40
2026-08-09 21:55:17,ID:1,ID2: 253, Timer: 3289, RSSI: -49
2026-08-09 21:55:17,ID:1,ID2: 253, Timer: 3296, RSSI: -45
2026-08-09 21:55:17,ID:1,ID2: 253, Timer: 3310, RSSI: -49
2026-08-09 21:55:17,ID:1,ID2: 253, Timer: 3317, RSSI: -45
2026-08-09 21:55:17,ID:1,ID2: 253, Timer: 3331, RSSI: -49
2026-08-09 21:55:17,ID:1,ID2: 253, Timer: 3338, RSSI: -45
2026-08-09 21:55:17,ID:1,ID2: 253, Timer: 3352, RSSI: -49
2026-08-09 21:55:17,ID:1,ID2: 253, Timer: 3359, RSSI: -45
2026-08-09 21:55:17,ID:1,ID2: 253, Timer: 3366, RSSI: -41
2026-08-09 21:55:17,ID:1,ID2: 253, Timer: 3373, RSSI: -49
2026-08-09 21:55:17,ID:1,ID2: 253, Timer: 3394, RSSI: -49
2026-08-09 21:55:17,ID:1,ID2: 253, Timer: 3401, RSSI: -45
2026-08-09 21:55:17,ID:1,ID2: 253, Timer: 3408, RSSI: -40
2026-08-09 21:55:17,ID:1,ID2: 253, Timer: 3415, RSSI: -49
2026-08-09 21:55:17,ID:1,ID2: 253, Timer: 3422, RSSI: -45
2026-08-09 21:55:17,ID:1,ID2: 253, Timer: 3436, RSSI: -49
2026-08-09 21:55:17,ID:1,ID2: 253, Timer: 3457, RSSI: -49
2026-08-09 21:55:17,ID:1,ID2: 253, Timer: 3457, RSSI: -49
2026-08-09 21:55:17,ID:1,ID2: 253, Timer: 3478, RSSI: -49
2026-08-09 21:55:17,ID:1,ID2: 253, Timer: 3492, RSSI: -41
2026-08-09 21:55:17,ID:1,ID2: 253, Timer: 3499, RSSI: -49
2026-08-09 21:55:17,ID:1,ID2: 253, Timer: 3500, RSSI: -49
2026-08-09 21:55:17,ID:1,ID2: 253, Timer: 3506, RSSI: -45
2026-08-09 21:55:17,ID:1,ID2: 253, Timer: 3520, RSSI: -49
2026-08-09 21:55:17,ID:1,ID2: 253, Timer: 3534, RSSI: -41
2026-08-09 21:55:17,ID:1,ID2: 253, Timer: 3562, RSSI: -49
2026-08-09 21:55:17,ID:1,ID2: 253, Timer: 3583, RSSI: -49
2026-08-09 21:55:17,ID:1,ID2: 253, Timer: 3590, RSSI: -45
2026-08-09 21:55:17,ID:1,ID2: 253, Timer: 3625, RSSI: -49
2026-08-09 21:55:17,ID:1,ID2: 253, Timer: 3639, RSSI: -40
2026-08-09 21:55:17,ID:1,ID2: 253, Timer: 3653, RSSI: -45
2026-08-09 21:55:17,ID:1,ID2: 253, Timer: 3667, RSSI: -49
2026-08-09 21:55:17,ID:1,ID2: 253, Timer: 3674, RSSI: -45
2026-08-09 21:55:17,ID:1,ID2: 253, Timer: 3688, RSSI: -49
2026-08-09 21:55:17,ID:1,ID2: 253, Timer: 3709, RSSI: -49
2026-08-09 21:55:17,ID:1,ID2: 253, Timer: 3710, RSSI: -49
2026-08-09 21:55:17,ID:1,ID2: 253, Timer: 3716, RSSI: -45
2026-08-09 21:55:17,ID:1,ID2: 253, Timer: 3723, RSSI: -40
2026-08-09 21:55:17,ID:1,ID2: 253, Timer: 3726, RSSI: -49
2026-08-09 21:55:17,ID:1,ID2: 253, Timer: 4026, RSSI: -45
2026-08-09 21:55:17,ID:1,ID2: 253, Timer: 4026, RSSI: -45
2026-08-09 21:55:17,ID:1,ID2: 253, Timer: 4326, RSSI: -40
2026-08-09 21:55:17,ID:1,ID2: 253, Timer: 4627, RSSI: -49
2026-08-09 21:55:17,ID:1,ID2: 253, Timer: 4927, RSSI: -45
2026-08-09 21:55:17,ID:1,ID2: 253, Timer: 5527, RSSI: -49
2026-08-09 21:55:17,ID:1,ID2: 253, Timer: 5827, RSSI: -45
2026-08-09 21:55:17,ID:1,ID2: 253, Timer: 6127, RSSI: -40
2026-08-09 21:55:17,ID:1,ID2: 253, Timer: 6427, RSSI: -48
2026-08-09 21:55:17,ID:1,ID2: 253, Timer: 6727, RSSI: -45
2026-08-09 21:55:17,ID:1,ID2: 253, Timer: 7027, RSSI: -40
2026-08-09 21:55:17,ID:1,ID2: 253, Timer: 7328, RSSI: -49
2026-08-09 21:55:17,ID:1,ID2: 253, Timer: 7328, RSSI: -50
2026-08-09 21:55:17,ID:1,ID2: 253, Timer: 7628, RSSI: -45
2026-08-09 21:55:17,ID:1,ID2: 253, Timer: 7928, RSSI: -40
2026-08-09 21:55:17,ID:1,ID2: 253, Timer: 8228, RSSI: -49
2026-08-09 21:55:17,ID:1,ID2: 253, Timer: 8528, RSSI: -45
2026-08-09 21:55:17,ID:1,ID2: 253, Timer: 8828, RSSI: -40
2026-08-09 21:55:17,ID:1,ID2: 253, Timer: 9128, RSSI: -49
2026-08-09 21:55:17,ID:1,ID2: 253, Timer: 9428, RSSI: -45
2026-08-09 21:55:17,ID:1,ID2: 253, Timer: 9728, RSSI: -40
2026-08-09 21:55:17,ID:1,ID2: 253, Timer: 10028, RSSI: -50
2026-08-09 21:55:17,ID:1,ID2: 253, Timer: 10329, RSSI: -45
2026-08-09 21:55:17,ID:1,ID2: 253, Timer: 10629, RSSI: -40
2026-08-09 21:55:17,ID:1,ID2: 253, Timer: 10929, RSSI: -49
2026-08-09 21:55:17,ID:1,ID2: 253, Timer: 11229, RSSI: -45
2026-08-09 21:55:17,ID:1,ID2: 253, Timer: 11529, RSSI: -40
2026-08-09 21:55:17,ID:1,ID2: 253, Timer: 11829, RSSI: -47
2026-08-09 21:55:17,ID:1,ID2: 253, Timer: 12129, RSSI: -44
2026-08-09 21:55:17,ID:1,ID2: 253, Timer: 12429, RSSI: -41
2026-08-09 21:55:17,ID:1,ID2: 253, Timer: 13029, RSSI: -45
2026-08-09 21:55:17,ID:1,ID2: 253, Timer: 13330, RSSI: -40
2026-08-09 21:55:17,ID:1,ID2: 253, Timer: 13630, RSSI: -48
2026-08-09 21:55:17,ID:1,ID2: 253, Timer: 13930, RSSI: -45
2026-08-09 21:55:17,ID:1,ID2: 253, Timer: 14230, RSSI: -40
2026-08-09 21:55:17,ID:1,ID2: 253, Timer: 14530, RSSI: -48
2026-08-09 21:55:17,ID:1,ID2: 253, Timer: 14830, RSSI: -45
2026-08-09 21:55:17,ID:1,ID2: 253, Timer: 15130, RSSI: -41
2026-08-09 21:55:17,ID:1,ID2: 253, Timer: 15430, RSSI: -48
2026-08-09 21:55:17,ID:1,ID2: 253, Timer: 15730, RSSI: -44
2026-08-09 21:55:17,ID:1,ID2: 253, Timer: 16031, RSSI: -40
2026-08-09 21:55:17,ID:1,ID2: 253, Timer: 16331, RSSI: -48
2026-08-09 21:55:17,ID:1,ID2: 253, Timer: 16631, RSSI: -45
2026-08-09 21:55:17,ID:1,ID2: 253, Timer: 17231, RSSI: -51
2026-08-09 21:55:17,ID:1,ID2: 253, Timer: 17531, RSSI: -46
2026-08-09 21:55:17,ID:1,ID2: 253, Timer: 17831, RSSI: -41
2026-08-09 21:55:17,ID:1,ID2: 253, Timer: 18131, RSSI: -49
2026-08-09 21:55:17,ID:1,ID2: 253, Timer: 18431, RSSI: -46
2026-08-09 21:55:17,ID:1,ID2: 253, Timer: 18731, RSSI: -41
2026-08-09 21:55:17,ID:1,ID2: 253, Timer: 19032, RSSI: -49
2026-08-09 21:55:17,ID:1,ID2: 253, Timer: 19332, RSSI: -46
2026-08-09 21:55:17,ID:1,ID2: 253, Timer: 19632, RSSI: -41
2026-08-09 21:55:17,ID:1,ID2: 253, Timer: 19632, RSSI: -41
2026-08-09 21:55:17,ID:1,ID2: 253, Timer: 19932, RSSI: -49
2026-08-09 21:55:17,ID:1,ID2: 253, Timer: 20232, RSSI: -47
2026-08-09 21:55:17,ID:1,ID2: 253, Timer: 20532, RSSI: -43
2026-08-09 21:55:17,ID:1,ID2: 253, Timer: 20832, RSSI: -50
2026-08-09 21:55:17,ID:1,ID2: 253, Timer: 21132, RSSI: -46
2026-08-09 21:55:17,ID:1,ID2: 253, Timer: 21432, RSSI: -42
2026-08-09 21:55:17,ID:1,ID2: 253, Timer: 21733, RSSI: -49
2026-08-09 21:55:17,ID:1,ID2: 253, Timer: 22033, RSSI: -48
2026-08-09 21:55:17,ID:1,ID2: 253, Timer: 22333, RSSI: -41
2026-08-09 21:55:17,ID:1,ID2: 253, Timer: 22633, RSSI: -50
2026-08-09 21:55:17,ID:1,ID2: 253, Timer: 22933, RSSI: -48
2026-08-09 21:55:17,ID:1,ID2: 253, Timer: 23233, RSSI: -45
2026-08-09 21:55:17,ID:1,ID2: 253, Timer: 23533, RSSI: -54
2026-08-09 21:55:17,ID:1,ID2: 253, Timer: 23833, RSSI: -50
2026-08-09 21:55:17,ID:1,ID2: 253, Timer: 24133, RSSI: -45
2026-08-09 21:55:17,ID:1,ID2: 253, Timer: 24433, RSSI: -54
2026-08-09 21:55:17,ID:1,ID2: 253, Timer: 24734, RSSI: -50
2026-08-09 21:55:17,ID:1,ID2: 253, Timer: 25034, RSSI: -45
2026-08-09 21:55:17,ID:1,ID2: 253, Timer: 25334, RSSI: -54
2026-08-09 21:55:17,ID:1,ID2: 253, Timer: 25634, RSSI: -50
2026-08-09 21:55:17,ID:1,ID2: 253, Timer: 25934, RSSI: -47
2026-08-09 21:55:17,ID:1,Self-report time: 17273
2026-08-09 21:55:17,ID:1,Self-report time: 22903
2026-08-09 21:55:17,ID:1,Eco Session Enter: 1493, Leave: 12594
2026-08-09 21:55:17,ID:1,Eco Session Enter: 12714, Leave: 20994
2026-08-09 21:55:17,ID:1,Eco Session Enter: 21114, Leave: 21487
2026-08-09 21:55:17,ID:1,Current Timer: 26138
2026-08-09 21:55:17,ID:1,Contact Count: 0
2026-08-09 21:55:17,ID:1,Voltage: 2877
2026-08-09 21:55:18,ID: 253,Current Timer: 5524
2026-08-09 21:55:18,ID: 253,Contact Count: 418
2026-08-09 21:55:18,ID: 253,Voltage: 1808
2026-08-09 21:55:18,ID: 253,ID2: 1, Timer: 70, RSSI: -57
2026-08-09 21:55:18,ID: 253,ID2: 1, Timer: 77, RSSI: -54
2026-08-09 21:55:18,ID: 253,ID2: 1, Timer: 91, RSSI: -56
2026-08-09 21:55:18,ID: 253,ID2: 1, Timer: 98, RSSI: -52
2026-08-09 21:55:18,ID: 253,ID2: 1, Timer: 105, RSSI: -46
2026-08-09 21:55:18,ID: 253,ID2: 1, Timer: 112, RSSI: -57
2026-08-09 21:55:18,ID: 253,ID2: 1, Timer: 126, RSSI: -46
2026-08-09 21:55:18,ID: 253,ID2: 1, Timer: 133, RSSI: -57
2026-08-09 21:55:18,ID: 253,ID2: 1, Timer: 140, RSSI: -52
2026-08-09 21:55:18,ID: 253,ID2: 1, Timer: 154, RSSI: -57
2026-08-09 21:55:18,ID: 253,ID2: 1, Timer: 161, RSSI: -52
2026-08-09 21:55:18,ID: 253,ID2: 1, Timer: 182, RSSI: -52
2026-08-09 21:55:18,ID: 253,ID2: 1, Timer: 189, RSSI: -46
2026-08-09 21:55:18,ID: 253,ID2: 1, Timer: 203, RSSI: -52
2026-08-09 21:55:18,ID: 253,ID2: 1, Timer: 217, RSSI: -57
2026-08-09 21:55:18,ID: 253,ID2: 1, Timer: 224, RSSI: -52
2026-08-09 21:55:18,ID: 253,ID2: 1, Timer: 238, RSSI: -57
2026-08-09 21:55:18,ID: 253,ID2: 1, Timer: 245, RSSI: -52
2026-08-09 21:55:18,ID: 253,ID2: 1, Timer: 252, RSSI: -46
2026-08-09 21:55:18,ID: 253,ID2: 1, Timer: 266, RSSI: -52
2026-08-09 21:55:18,ID: 253,ID2: 1, Timer: 287, RSSI: -52
2026-08-09 21:55:18,ID: 253,ID2: 1, Timer: 294, RSSI: -46
2026-08-09 21:55:18,ID: 253,ID2: 1, Timer: 301, RSSI: -57
2026-08-09 21:55:18,ID: 253,ID2: 1, Timer: 308, RSSI: -52
2026-08-09 21:55:18,ID: 253,ID2: 1, Timer: 336, RSSI: -46
2026-08-09 21:55:18,ID: 253,ID2: 1, Timer: 350, RSSI: -52
2026-08-09 21:55:18,ID: 253,ID2: 1, Timer: 364, RSSI: -57
2026-08-09 21:55:18,ID: 253,ID2: 1, Timer: 371, RSSI: -52
2026-08-09 21:55:18,ID: 253,ID2: 1, Timer: 392, RSSI: -52
2026-08-09 21:55:18,ID: 253,ID2: 1, Timer: 406, RSSI: -57
2026-08-09 21:55:18,ID: 253,ID2: 1, Timer: 434, RSSI: -52
2026-08-09 21:55:18,ID: 253,ID2: 1, Timer: 455, RSSI: -52
2026-08-09 21:55:18,ID: 253,ID2: 1, Timer: 462, RSSI: -46
2026-08-09 21:55:18,ID: 253,ID2: 1, Timer: 476, RSSI: -52
2026-08-09 21:55:18,ID: 253,ID2: 1, Timer: 511, RSSI: -57
2026-08-09 21:55:18,ID: 253,ID2: 1, Timer: 518, RSSI: -52
2026-08-09 21:55:18,ID: 253,ID2: 1, Timer: 553, RSSI: -57
2026-08-09 21:55:18,ID: 253,ID2: 1, Timer: 560, RSSI: -52
2026-08-09 21:55:18,ID: 253,ID2: 1, Timer: 567, RSSI: -46
2026-08-09 21:55:18,ID: 253,ID2: 1, Timer: 574, RSSI: -57
2026-08-09 21:55:18,ID: 253,ID2: 1, Timer: 616, RSSI: -57
2026-08-09 21:55:18,ID: 253,ID2: 1, Timer: 623, RSSI: -52
2026-08-09 21:55:18,ID: 253,ID2: 1, Timer: 630, RSSI: -46
2026-08-09 21:55:18,ID: 253,ID2: 1, Timer: 644, RSSI: -52
2026-08-09 21:55:18,ID: 253,ID2: 1, Timer: 665, RSSI: -52
2026-08-09 21:55:18,ID: 253,ID2: 1, Timer: 672, RSSI: -46
2026-08-09 21:55:18,ID: 253,ID2: 1, Timer: 686, RSSI: -52
2026-08-09 21:55:18,ID: 253,ID2: 1, Timer: 700, RSSI: -57
2026-08-09 21:55:18,ID: 253,ID2: 1, Timer: 707, RSSI: -52
2026-08-09 21:55:18,ID: 253,ID2: 1, Timer: 714, RSSI: -46
2026-08-09 21:55:18,ID: 253,ID2: 1, Timer: 728, RSSI: -52
2026-08-09 21:55:18,ID: 253,ID2: 1, Timer: 742, RSSI: -57
2026-08-09 21:55:18,ID: 253,ID2: 1, Timer: 763, RSSI: -57
2026-08-09 21:55:18,ID: 253,ID2: 1, Timer: 770, RSSI: -52
2026-08-09 21:55:18,ID: 253,ID2: 1, Timer: 819, RSSI: -45
2026-08-09 21:55:18,ID: 253,ID2: 1, Timer: 833, RSSI: -52
2026-08-09 21:55:18,ID: 253,ID2: 1, Timer: 840, RSSI: -47
2026-08-09 21:55:18,ID: 253,ID2: 1, Timer: 847, RSSI: -57
2026-08-09 21:55:18,ID: 253,ID2: 1, Timer: 854, RSSI: -52
2026-08-09 21:55:18,ID: 253,ID2: 1, Timer: 861, RSSI: -46
2026-08-09 21:55:18,ID: 253,ID2: 1, Timer: 868, RSSI: -55
2026-08-09 21:55:18,ID: 253,ID2: 1, Timer: 889, RSSI: -56
2026-08-09 21:55:18,ID: 253,ID2: 1, Timer: 896, RSSI: -54
2026-08-09 21:55:18,ID: 253,ID2: 1, Timer: 903, RSSI: -46
2026-08-09 21:55:18,ID: 253,ID2: 1, Timer: 924, RSSI: -46
2026-08-09 21:55:18,ID: 253,ID2: 1, Timer: 931, RSSI: -56
2026-08-09 21:55:18,ID: 253,ID2: 1, Timer: 938, RSSI: -54
2026-08-09 21:55:18,ID: 253,ID2: 1, Timer: 945, RSSI: -46
2026-08-09 21:55:18,ID: 253,ID2: 1, Timer: 959, RSSI: -54
2026-08-09 21:55:18,ID: 253,ID2: 1, Timer: 966, RSSI: -46
2026-08-09 21:55:18,ID: 253,ID2: 1, Timer: 973, RSSI: -56
2026-08-09 21:55:18,ID: 253,ID2: 1, Timer: 980, RSSI: -54
2026-08-09 21:55:18,ID: 253,ID2: 1, Timer: 980, RSSI: -54
2026-08-09 21:55:18,ID: 253,ID2: 1, Timer: 1001, RSSI: -54
2026-08-09 21:55:18,ID: 253,ID2: 1, Timer: 1015, RSSI: -56
2026-08-09 21:55:18,ID: 253,ID2: 1, Timer: 1022, RSSI: -54
2026-08-09 21:55:18,ID: 253,ID2: 1, Timer: 1057, RSSI: -56
2026-08-09 21:55:18,ID: 253,ID2: 1, Timer: 1071, RSSI: -46
2026-08-09 21:55:18,ID: 253,ID2: 1, Timer: 1099, RSSI: -56
2026-08-09 21:55:18,ID: 253,ID2: 1, Timer: 1106, RSSI: -54
2026-08-09 21:55:18,ID: 253,ID2: 1, Timer: 1120, RSSI: -56
2026-08-09 21:55:18,ID: 253,ID2: 1, Timer: 1134, RSSI: -46
2026-08-09 21:55:18,ID: 253,ID2: 1, Timer: 1141, RSSI: -56
2026-08-09 21:55:18,ID: 253,ID2: 1, Timer: 1148, RSSI: -54
2026-08-09 21:55:18,ID: 253,ID2: 1, Timer: 1148, RSSI: -54
2026-08-09 21:55:18,ID: 253,ID2: 1, Timer: 1155, RSSI: -46
2026-08-09 21:55:18,ID: 253,ID2: 1, Timer: 1183, RSSI: -56
2026-08-09 21:55:18,ID: 253,ID2: 1, Timer: 1190, RSSI: -54
2026-08-09 21:55:18,ID: 253,ID2: 1, Timer: 1197, RSSI: -46
2026-08-09 21:55:18,ID: 253,ID2: 1, Timer: 1204, RSSI: -55
2026-08-09 21:55:18,ID: 253,ID2: 1, Timer: 1211, RSSI: -54
2026-08-09 21:55:18,ID: 253,ID2: 1, Timer: 1225, RSSI: -56
2026-08-09 21:55:18,ID: 253,ID2: 1, Timer: 1232, RSSI: -54
2026-08-09 21:55:18,ID: 253,ID2: 1, Timer: 1246, RSSI: -56
2026-08-09 21:55:18,ID: 253,ID2: 1, Timer: 1253, RSSI: -54
2026-08-09 21:55:18,ID: 253,ID2: 1, Timer: 1274, RSSI: -54
2026-08-09 21:55:18,ID: 253,ID2: 1, Timer: 1323, RSSI: -46
2026-08-09 21:55:18,ID: 253,ID2: 1, Timer: 1330, RSSI: -56
2026-08-09 21:55:18,ID: 253,ID2: 1, Timer: 1337, RSSI: -54
2026-08-09 21:55:18,ID: 253,ID2: 1, Timer: 1351, RSSI: -56
2026-08-09 21:55:18,ID: 253,ID2: 1, Timer: 1358, RSSI: -54
2026-08-09 21:55:18,ID: 253,ID2: 1, Timer: 1400, RSSI: -54
2026-08-09 21:55:18,ID: 253,ID2: 1, Timer: 1407, RSSI: -46
2026-08-09 21:55:18,ID: 253,ID2: 1, Timer: 1421, RSSI: -54
2026-08-09 21:55:18,ID: 253,ID2: 1, Timer: 1442, RSSI: -54
2026-08-09 21:55:18,ID: 253,ID2: 1, Timer: 1442, RSSI: -54
2026-08-09 21:55:18,ID: 253,ID2: 1, Timer: 1449, RSSI: -46
2026-08-09 21:55:18,ID: 253,ID2: 1, Timer: 1456, RSSI: -56
2026-08-09 21:55:18,ID: 253,ID2: 1, Timer: 1463, RSSI: -54
2026-08-09 21:55:18,ID: 253,ID2: 1, Timer: 1484, RSSI: -54
2026-08-09 21:55:18,ID: 253,ID2: 1, Timer: 1491, RSSI: -46
2026-08-09 21:55:18,ID: 253,ID2: 1, Timer: 1498, RSSI: -56
2026-08-09 21:55:18,ID: 253,ID2: 1, Timer: 1512, RSSI: -46
2026-08-09 21:55:18,ID: 253,ID2: 1, Timer: 1526, RSSI: -54
2026-08-09 21:55:18,ID: 253,ID2: 1, Timer: 1568, RSSI: -54
2026-08-09 21:55:18,ID: 253,ID2: 1, Timer: 1568, RSSI: -54
2026-08-09 21:55:18,ID: 253,ID2: 1, Timer: 1575, RSSI: -46
2026-08-09 21:55:18,ID: 253,ID2: 1, Timer: 1582, RSSI: -55
2026-08-09 21:55:18,ID: 253,ID2: 1, Timer: 1596, RSSI: -46
2026-08-09 21:55:18,ID: 253,ID2: 1, Timer: 1610, RSSI: -54
2026-08-09 21:55:18,ID: 253,ID2: 1, Timer: 1617, RSSI: -46
2026-08-09 21:55:18,ID: 253,ID2: 1, Timer: 1624, RSSI: -56
2026-08-09 21:55:18,ID: 253,ID2: 1, Timer: 1652, RSSI: -54
2026-08-09 21:55:18,ID: 253,ID2: 1, Timer: 1666, RSSI: -55
2026-08-09 21:55:18,ID: 253,ID2: 1, Timer: 1680, RSSI: -46
2026-08-09 21:55:18,ID: 253,ID2: 1, Timer: 1687, RSSI: -56
2026-08-09 21:55:18,ID: 253,ID2: 1, Timer: 1694, RSSI: -54
2026-08-09 21:55:18,ID: 253,ID2: 1, Timer: 1701, RSSI: -46
2026-08-09 21:55:18,ID: 253,ID2: 1, Timer: 1722, RSSI: -46
2026-08-09 21:55:18,ID: 253,ID2: 1, Timer: 1736, RSSI: -54
2026-08-09 21:55:18,ID: 253,ID2: 1, Timer: 1736, RSSI: -54
2026-08-09 21:55:18,ID: 253,ID2: 1, Timer: 1771, RSSI: -56
2026-08-09 21:55:18,ID: 253,ID2: 1, Timer: 1778, RSSI: -54
2026-08-09 21:55:18,ID: 253,ID2: 1, Timer: 1785, RSSI: -46
2026-08-09 21:55:18,ID: 253,ID2: 1, Timer: 1792, RSSI: -56
2026-08-09 21:55:18,ID: 253,ID2: 1, Timer: 1799, RSSI: -53
2026-08-09 21:55:18,ID: 253,ID2: 1, Timer: 1806, RSSI: -46
2026-08-09 21:55:18,ID: 253,ID2: 1, Timer: 1813, RSSI: -56
2026-08-09 21:55:18,ID: 253,ID2: 1, Timer: 1848, RSSI: -46
2026-08-09 21:55:18,ID: 253,ID2: 1, Timer: 1862, RSSI: -54
2026-08-09 21:55:18,ID: 253,ID2: 1, Timer: 1869, RSSI: -46
2026-08-09 21:55:18,ID: 253,ID2: 1, Timer: 1890, RSSI: -46
2026-08-09 21:55:18,ID: 253,ID2: 1, Timer: 1897, RSSI: -56
2026-08-09 21:55:18,ID: 253,ID2: 1, Timer: 1904, RSSI: -54
2026-08-09 21:55:18,ID: 253,ID2: 1, Timer: 1918, RSSI: -56
2026-08-09 21:55:18,ID: 253,ID2: 1, Timer: 1925, RSSI: -54
2026-08-09 21:55:18,ID: 253,ID2: 1, Timer: 1946, RSSI: -54
2026-08-09 21:55:18,ID: 253,ID2: 1, Timer: 1960, RSSI: -56
2026-08-09 21:55:18,ID: 253,ID2: 1, Timer: 1974, RSSI: -46
2026-08-09 21:55:18,ID: 253,ID2: 1, Timer: 2016, RSSI: -46
2026-08-09 21:55:18,ID: 253,ID2: 1, Timer: 2023, RSSI: -58
2026-08-09 21:55:18,ID: 253,ID2: 1, Timer: 2030, RSSI: -55
2026-08-09 21:55:18,ID: 253,ID2: 1, Timer: 2030, RSSI: -55
2026-08-09 21:55:18,ID: 253,ID2: 1, Timer: 2044, RSSI: -56
2026-08-09 21:55:18,ID: 253,ID2: 1, Timer: 2072, RSSI: -54
2026-08-09 21:55:18,ID: 253,ID2: 1, Timer: 2135, RSSI: -53
2026-08-09 21:55:18,ID: 253,ID2: 1, Timer: 2142, RSSI: -47
2026-08-09 21:55:18,ID: 253,ID2: 1, Timer: 2149, RSSI: -62
2026-08-09 21:55:18,ID: 253,ID2: 1, Timer: 2156, RSSI: -52
2026-08-09 21:55:18,ID: 253,ID2: 1, Timer: 2191, RSSI: -59
2026-08-09 21:55:18,ID: 253,ID2: 1, Timer: 2198, RSSI: -53
2026-08-09 21:55:18,ID: 253,ID2: 1, Timer: 2212, RSSI: -59
2026-08-09 21:55:18,ID: 253,ID2: 1, Timer: 2240, RSSI: -55
2026-08-09 21:55:18,ID: 253,ID2: 1, Timer: 2282, RSSI: -57
2026-08-09 21:55:18,ID: 253,ID2: 1, Timer: 2282, RSSI: -57
2026-08-09 21:55:18,ID: 253,ID2: 1, Timer: 2324, RSSI: -54
2026-08-09 21:55:18,ID: 253,ID2: 1, Timer: 2352, RSSI: -46
2026-08-09 21:55:18,ID: 253,ID2: 1, Timer: 2366, RSSI: -54
2026-08-09 21:55:18,ID: 253,ID2: 1, Timer: 2366, RSSI: -54
2026-08-09 21:55:18,ID: 253,ID2: 1, Timer: 2380, RSSI: -55
2026-08-09 21:55:18,ID: 253,ID2: 1, Timer: 2387, RSSI: -55
2026-08-09 21:55:18,ID: 253,ID2: 1, Timer: 2408, RSSI: -56
2026-08-09 21:55:18,ID: 253,ID2: 1, Timer: 2415, RSSI: -46
2026-08-09 21:55:18,ID: 253,ID2: 1, Timer: 2436, RSSI: -46
2026-08-09 21:55:18,ID: 253,ID2: 1, Timer: 2450, RSSI: -55
2026-08-09 21:55:18,ID: 253,ID2: 1, Timer: 2457, RSSI: -46
2026-08-09 21:55:18,ID: 253,ID2: 1, Timer: 2485, RSSI: -53
2026-08-09 21:55:18,ID: 253,ID2: 1, Timer: 2492, RSSI: -57
2026-08-09 21:55:18,ID: 253,ID2: 1, Timer: 2506, RSSI: -54
2026-08-09 21:55:18,ID: 253,ID2: 1, Timer: 2513, RSSI: -67
2026-08-09 21:55:18,ID: 253,ID2: 1, Timer: 2520, RSSI: -52
2026-08-09 21:55:18,ID: 253,ID2: 1, Timer: 2534, RSSI: -56
2026-08-09 21:55:18,ID: 253,ID2: 1, Timer: 2555, RSSI: -57
2026-08-09 21:55:18,ID: 253,ID2: 1, Timer: 2562, RSSI: -50
2026-08-09 21:55:18,ID: 253,ID2: 1, Timer: 2576, RSSI: -57
2026-08-09 21:55:18,ID: 253,ID2: 1, Timer: 2576, RSSI: -57
2026-08-09 21:55:18,ID: 253,ID2: 1, Timer: 2583, RSSI: -50
2026-08-09 21:55:18,ID: 253,ID2: 1, Timer: 2590, RSSI: -61
2026-08-09 21:55:18,ID: 253,ID2: 1, Timer: 2611, RSSI: -61
2026-08-09 21:55:18,ID: 253,ID2: 1, Timer: 2618, RSSI: -57
2026-08-09 21:55:18,ID: 253,ID2: 1, Timer: 2632, RSSI: -61
2026-08-09 21:55:18,ID: 253,ID2: 1, Timer: 2639, RSSI: -56
2026-08-09 21:55:18,ID: 253,ID2: 1, Timer: 2653, RSSI: -61
2026-08-09 21:55:18,ID: 253,ID2: 1, Timer: 2660, RSSI: -57
2026-08-09 21:55:18,ID: 253,ID2: 1, Timer: 2723, RSSI: -57
2026-08-09 21:55:18,ID: 253,ID2: 1, Timer: 2730, RSSI: -50
2026-08-09 21:55:18,ID: 253,ID2: 1, Timer: 2744, RSSI: -57
2026-08-09 21:55:18,ID: 253,ID2: 1, Timer: 2744, RSSI: -57
2026-08-09 21:55:18,ID: 253,ID2: 1, Timer: 2751, RSSI: -50
2026-08-09 21:55:18,ID: 253,ID2: 1, Timer: 2779, RSSI: -61
2026-08-09 21:55:18,ID: 253,ID2: 1, Timer: 2786, RSSI: -56
2026-08-09 21:55:18,ID: 253,ID2: 1, Timer: 2800, RSSI: -61
2026-08-09 21:55:18,ID: 253,ID2: 1, Timer: 2807, RSSI: -57
2026-08-09 21:55:18,ID: 253,ID2: 1, Timer: 2821, RSSI: -61
2026-08-09 21:55:18,ID: 253,ID2: 1, Timer: 2856, RSSI: -50
2026-08-09 21:55:18,ID: 253,ID2: 1, Timer: 2863, RSSI: -61
2026-08-09 21:55:18,ID: 253,ID2: 1, Timer: 2870, RSSI: -56
2026-08-09 21:55:18,ID: 253,ID2: 1, Timer: 2912, RSSI: -57
2026-08-09 21:55:18,ID: 253,ID2: 1, Timer: 2940, RSSI: -50
2026-08-09 21:55:18,ID: 253,ID2: 1, Timer: 2954, RSSI: -57
2026-08-09 21:55:18,ID: 253,ID2: 1, Timer: 2954, RSSI: -57
2026-08-09 21:55:18,ID: 253,ID2: 1, Timer: 2996, RSSI: -57
2026-08-09 21:55:18,ID: 253,ID2: 1, Timer: 3024, RSSI: -50
2026-08-09 21:55:18,ID: 253,ID2: 1, Timer: 3038, RSSI: -57
2026-08-09 21:55:18,ID: 253,ID2: 1, Timer: 3038, RSSI: -56
2026-08-09 21:55:18,ID: 253,ID2: 1, Timer: 3059, RSSI: -57
2026-08-09 21:55:18,ID: 253,ID2: 1, Timer: 3073, RSSI: -61
2026-08-09 21:55:18,ID: 253,ID2: 1, Timer: 3080, RSSI: -57
2026-08-09 21:55:18,ID: 253,ID2: 1, Timer: 3080, RSSI: -57
2026-08-09 21:55:18,ID: 253,ID2: 1, Timer: 3108, RSSI: -50
2026-08-09 21:55:18,ID: 253,ID2: 1, Timer: 3122, RSSI: -56
2026-08-09 21:55:18,ID: 253,ID2: 1, Timer: 3129, RSSI: -50
2026-08-09 21:55:18,ID: 253,ID2: 1, Timer: 3143, RSSI: -56
2026-08-09 21:55:18,ID: 253,ID2: 1, Timer: 3157, RSSI: -61
2026-08-09 21:55:18,ID: 253,ID2: 1, Timer: 3164, RSSI: -57
2026-08-09 21:55:18,ID: 253,ID2: 1, Timer: 3178, RSSI: -61
2026-08-09 21:55:18,ID: 253,ID2: 1, Timer: 3199, RSSI: -61
2026-08-09 21:55:18,ID: 253,ID2: 1, Timer: 3206, RSSI: -56
2026-08-09 21:55:18,ID: 253,ID2: 1, Timer: 3213, RSSI: -50
2026-08-09 21:55:18,ID: 253,ID2: 1, Timer: 3220, RSSI: -61
2026-08-09 21:55:18,ID: 253,ID2: 1, Timer: 3227, RSSI: -56
2026-08-09 21:55:18,ID: 253,ID2: 1, Timer: 3248, RSSI: -56
2026-08-09 21:55:18,ID: 253,ID2: 1, Timer: 3248, RSSI: -57
2026-08-09 21:55:18,ID: 253,ID2: 1, Timer: 3269, RSSI: -56
2026-08-09 21:55:18,ID: 253,ID2: 1, Timer: 3283, RSSI: -61
2026-08-09 21:55:18,ID: 253,ID2: 1, Timer: 3290, RSSI: -57
2026-08-09 21:55:18,ID: 253,ID2: 1, Timer: 3290, RSSI: -57
2026-08-09 21:55:18,ID: 253,ID2: 1, Timer: 3304, RSSI: -61
2026-08-09 21:55:18,ID: 253,ID2: 1, Timer: 3311, RSSI: -56
2026-08-09 21:55:18,ID: 253,ID2: 1, Timer: 3325, RSSI: -61
2026-08-09 21:55:18,ID: 253,ID2: 1, Timer: 3332, RSSI: -57
2026-08-09 21:55:18,ID: 253,ID2: 1, Timer: 3339, RSSI: -50
2026-08-09 21:55:18,ID: 253,ID2: 1, Timer: 3346, RSSI: -61
2026-08-09 21:55:18,ID: 253,ID2: 1, Timer: 3353, RSSI: -57
2026-08-09 21:55:18,ID: 253,ID2: 1, Timer: 3360, RSSI: -50
2026-08-09 21:55:18,ID: 253,ID2: 1, Timer: 3367, RSSI: -61
2026-08-09 21:55:18,ID: 253,ID2: 1, Timer: 3374, RSSI: -56
2026-08-09 21:55:18,ID: 253,ID2: 1, Timer: 3395, RSSI: -56
2026-08-09 21:55:18,ID: 253,ID2: 1, Timer: 3416, RSSI: -57
2026-08-09 21:55:18,ID: 253,ID2: 1, Timer: 3430, RSSI: -61
2026-08-09 21:55:18,ID: 253,ID2: 1, Timer: 3444, RSSI: -50
2026-08-09 21:55:18,ID: 253,ID2: 1, Timer: 3451, RSSI: -61
2026-08-09 21:55:18,ID: 253,ID2: 1, Timer: 3458, RSSI: -57
2026-08-09 21:55:18,ID: 253,ID2: 1, Timer: 3479, RSSI: -56
2026-08-09 21:55:18,ID: 253,ID2: 1, Timer: 3486, RSSI: -50
2026-08-09 21:55:18,ID: 253,ID2: 1, Timer: 3493, RSSI: -61
2026-08-09 21:55:18,ID: 253,ID2: 1, Timer: 3521, RSSI: -57
2026-08-09 21:55:18,ID: 253,ID2: 1, Timer: 3535, RSSI: -61
2026-08-09 21:55:18,ID: 253,ID2: 1, Timer: 3542, RSSI: -56
2026-08-09 21:55:18,ID: 253,ID2: 1, Timer: 3556, RSSI: -61
2026-08-09 21:55:18,ID: 253,ID2: 1, Timer: 3570, RSSI: -50
2026-08-09 21:55:18,ID: 253,ID2: 1, Timer: 3577, RSSI: -61
2026-08-09 21:55:18,ID: 253,ID2: 1, Timer: 3584, RSSI: -57
2026-08-09 21:55:18,ID: 253,ID2: 1, Timer: 3591, RSSI: -50
2026-08-09 21:55:18,ID: 253,ID2: 1, Timer: 3605, RSSI: -57
2026-08-09 21:55:18,ID: 253,ID2: 1, Timer: 3619, RSSI: -61
2026-08-09 21:55:18,ID: 253,ID2: 1, Timer: 3626, RSSI: -57
2026-08-09 21:55:18,ID: 253,ID2: 1, Timer: 3640, RSSI: -61
2026-08-09 21:55:18,ID: 253,ID2: 1, Timer: 3647, RSSI: -56
2026-08-09 21:55:18,ID: 253,ID2: 1, Timer: 3654, RSSI: -50
2026-08-09 21:55:18,ID: 253,ID2: 1, Timer: 3661, RSSI: -61
2026-08-09 21:55:18,ID: 253,ID2: 1, Timer: 3668, RSSI: -57
2026-08-09 21:55:18,ID: 253,ID2: 1, Timer: 3682, RSSI: -61
2026-08-09 21:55:18,ID: 253,ID2: 1, Timer: 3710, RSSI: -57
2026-08-09 21:55:18,ID: 253,ID2: 1, Timer: 3759, RSSI: -50
2026-08-09 21:55:18,ID: 253,ID2: 1, Timer: 3773, RSSI: -57
2026-08-09 21:55:18,ID: 253,ID2: 1, Timer: 3780, RSSI: -50
2026-08-09 21:55:18,ID: 253,ID2: 1, Timer: 3794, RSSI: -57
2026-08-09 21:55:18,ID: 253,ID2: 1, Timer: 3836, RSSI: -56
2026-08-09 21:55:18,ID: 253,ID2: 1, Timer: 3850, RSSI: -61
2026-08-09 21:55:18,ID: 253,ID2: 1, Timer: 3857, RSSI: -57
2026-08-09 21:55:18,ID: 253,ID2: 1, Timer: 3864, RSSI: -50
2026-08-09 21:55:18,ID: 253,ID2: 1, Timer: 3871, RSSI: -61
2026-08-09 21:55:18,ID: 253,ID2: 1, Timer: 3878, RSSI: -57
2026-08-09 21:55:18,ID: 253,ID2: 1, Timer: 3885, RSSI: -50
2026-08-09 21:55:18,ID: 253,ID2: 1, Timer: 3906, RSSI: -50
2026-08-09 21:55:18,ID: 253,ID2: 1, Timer: 3913, RSSI: -61
2026-08-09 21:55:18,ID: 253,ID2: 1, Timer: 3920, RSSI: -57
2026-08-09 21:55:18,ID: 253,ID2: 1, Timer: 3934, RSSI: -61
2026-08-09 21:55:18,ID: 253,ID2: 1, Timer: 3948, RSSI: -50
2026-08-09 21:55:18,ID: 253,ID2: 1, Timer: 3962, RSSI: -57
2026-08-09 21:55:18,ID: 253,ID2: 1, Timer: 3969, RSSI: -50
2026-08-09 21:55:18,ID: 253,ID2: 1, Timer: 3990, RSSI: -50
2026-08-09 21:55:18,ID: 253,ID2: 1, Timer: 3997, RSSI: -61
2026-08-09 21:55:18,ID: 253,ID2: 1, Timer: 4004, RSSI: -56
2026-08-09 21:55:18,ID: 253,ID2: 1, Timer: 4004, RSSI: -56
2026-08-09 21:55:18,ID: 253,ID2: 1, Timer: 4025, RSSI: -57
2026-08-09 21:55:18,ID: 253,ID2: 1, Timer: 4032, RSSI: -50
2026-08-09 21:55:18,ID: 253,ID2: 1, Timer: 4046, RSSI: -57
2026-08-09 21:55:18,ID: 253,ID2: 1, Timer: 4053, RSSI: -50
2026-08-09 21:55:18,ID: 253,ID2: 1, Timer: 4081, RSSI: -61
2026-08-09 21:55:18,ID: 253,ID2: 1, Timer: 4088, RSSI: -57
2026-08-09 21:55:18,ID: 253,ID2: 1, Timer: 4088, RSSI: -57
2026-08-09 21:55:18,ID: 253,ID2: 1, Timer: 4095, RSSI: -50
2026-08-09 21:55:18,ID: 253,ID2: 1, Timer: 4109, RSSI: -57
2026-08-09 21:55:18,ID: 253,ID2: 1, Timer: 4130, RSSI: -57
2026-08-09 21:55:18,ID: 253,ID2: 1, Timer: 4144, RSSI: -61
2026-08-09 21:55:18,ID: 253,ID2: 1, Timer: 4151, RSSI: -57
2026-08-09 21:55:18,ID: 253,ID2: 1, Timer: 4158, RSSI: -50
2026-08-09 21:55:18,ID: 253,ID2: 1, Timer: 4165, RSSI: -61
2026-08-09 21:55:18,ID: 253,ID2: 1, Timer: 4172, RSSI: -57
2026-08-09 21:55:18,ID: 253,ID2: 1, Timer: 4179, RSSI: -50
2026-08-09 21:55:18,ID: 253,ID2: 1, Timer: 4186, RSSI: -61
2026-08-09 21:55:18,ID: 253,ID2: 1, Timer: 4193, RSSI: -57
2026-08-09 21:55:18,ID: 253,ID2: 1, Timer: 4200, RSSI: -50
2026-08-09 21:55:18,ID: 253,ID2: 1, Timer: 4214, RSSI: -57
2026-08-09 21:55:18,ID: 253,ID2: 1, Timer: 4214, RSSI: -57
2026-08-09 21:55:18,ID: 253,ID2: 1, Timer: 4235, RSSI: -56
2026-08-09 21:55:18,ID: 253,ID2: 1, Timer: 4249, RSSI: -61
2026-08-09 21:55:18,ID: 253,ID2: 1, Timer: 4256, RSSI: -57
2026-08-09 21:55:18,ID: 253,ID2: 1, Timer: 4277, RSSI: -57
2026-08-09 21:55:18,ID: 253,ID2: 1, Timer: 4284, RSSI: -50
2026-08-09 21:55:18,ID: 253,ID2: 1, Timer: 4291, RSSI: -61
2026-08-09 21:55:18,ID: 253,ID2: 1, Timer: 4298, RSSI: -57
2026-08-09 21:55:18,ID: 253,ID2: 1, Timer: 4312, RSSI: -61
2026-08-09 21:55:18,ID: 253,ID2: 1, Timer: 4340, RSSI: -56
2026-08-09 21:55:18,ID: 253,ID2: 1, Timer: 4375, RSSI: -61
2026-08-09 21:55:18,ID: 253,ID2: 1, Timer: 4382, RSSI: -56
2026-08-09 21:55:18,ID: 253,ID2: 1, Timer: 4403, RSSI: -56
2026-08-09 21:55:18,ID: 253,ID2: 1, Timer: 4417, RSSI: -61
2026-08-09 21:55:18,ID: 253,ID2: 1, Timer: 4424, RSSI: -56
2026-08-09 21:55:18,ID: 253,ID2: 1, Timer: 4452, RSSI: -50
2026-08-09 21:55:18,ID: 253,ID2: 1, Timer: 4459, RSSI: -61
2026-08-09 21:55:18,ID: 253,ID2: 1, Timer: 4466, RSSI: -57
2026-08-09 21:55:18,ID: 253,ID2: 1, Timer: 4466, RSSI: -57
2026-08-09 21:55:18,ID: 253,ID2: 1, Timer: 4501, RSSI: -61
2026-08-09 21:55:18,ID: 253,ID2: 1, Timer: 4508, RSSI: -57
2026-08-09 21:55:18,ID: 253,ID2: 1, Timer: 4522, RSSI: -61
2026-08-09 21:55:18,ID: 253,ID2: 1, Timer: 4550, RSSI: -57
2026-08-09 21:55:18,ID: 253,ID2: 1, Timer: 4550, RSSI: -57
2026-08-09 21:55:18,ID: 253,ID2: 1, Timer: 4564, RSSI: -61
2026-08-09 21:55:18,ID: 253,ID2: 1, Timer: 4585, RSSI: -61
2026-08-09 21:55:18,ID: 253,ID2: 1, Timer: 4592, RSSI: -57
2026-08-09 21:55:18,ID: 253,ID2: 1, Timer: 4592, RSSI: -57
2026-08-09 21:55:18,ID: 253,ID2: 1, Timer: 4599, RSSI: -50
2026-08-09 21:55:18,ID: 253,ID2: 1, Timer: 4613, RSSI: -56
2026-08-09 21:55:18,ID: 253,ID2: 1, Timer: 4634, RSSI: -57
2026-08-09 21:55:18,ID: 253,ID2: 1, Timer: 4655, RSSI: -57
2026-08-09 21:55:18,ID: 253,ID2: 1, Timer: 4676, RSSI: -56
2026-08-09 21:55:18,ID: 253,ID2: 1, Timer: 4676, RSSI: -57
2026-08-09 21:55:18,ID: 253,ID2: 1, Timer: 4697, RSSI: -57
2026-08-09 21:55:18,ID: 253,ID2: 1, Timer: 4718, RSSI: -57
2026-08-09 21:55:18,ID: 253,ID2: 1, Timer: 4732, RSSI: -61
2026-08-09 21:55:18,ID: 253,ID2: 1, Timer: 4739, RSSI: -57
2026-08-09 21:55:18,ID: 253,ID2: 1, Timer: 4767, RSSI: -50
2026-08-09 21:55:18,ID: 253,ID2: 1, Timer: 4774, RSSI: -61
2026-08-09 21:55:18,ID: 253,ID2: 1, Timer: 4795, RSSI: -61
2026-08-09 21:55:18,ID: 253,ID2: 1, Timer: 4802, RSSI: -57
2026-08-09 21:55:18,ID: 253,ID2: 1, Timer: 4809, RSSI: -50
2026-08-09 21:55:18,ID: 253,ID2: 1, Timer: 4816, RSSI: -61
2026-08-09 21:55:18,ID: 253,ID2: 1, Timer: 4823, RSSI: -56
2026-08-09 21:55:18,ID: 253,ID2: 1, Timer: 4830, RSSI: -50
2026-08-09 21:55:18,ID: 253,ID2: 1, Timer: 4844, RSSI: -57
2026-08-09 21:55:18,ID: 253,ID2: 1, Timer: 4844, RSSI: -57
2026-08-09 21:55:18,ID: 253,ID2: 1, Timer: 4886, RSSI: -57
2026-08-09 21:55:18,ID: 253,ID2: 1, Timer: 4886, RSSI: -56
2026-08-09 21:55:18,ID: 253,ID2: 1, Timer: 4900, RSSI: -61
2026-08-09 21:55:18,ID: 253,ID2: 1, Timer: 4914, RSSI: -50
2026-08-09 21:55:18,ID: 253,ID2: 1, Timer: 4921, RSSI: -61
2026-08-09 21:55:18,ID: 253,ID2: 1, Timer: 4928, RSSI: -56
2026-08-09 21:55:18,ID: 253,ID2: 1, Timer: 4949, RSSI: -57
2026-08-09 21:55:18,ID: 253,ID2: 1, Timer: 4956, RSSI: -50
2026-08-09 21:55:18,ID: 253,ID2: 1, Timer: 4970, RSSI: -57
2026-08-09 21:55:18,ID: 253,ID2: 1, Timer: 4991, RSSI: -57
2026-08-09 21:55:18,ID: 253,ID2: 1, Timer: 4998, RSSI: -50
2026-08-09 21:55:18,ID: 253,ID2: 1, Timer: 5012, RSSI: -56
2026-08-09 21:55:18,ID: 253,ID2: 1, Timer: 5019, RSSI: -50
2026-08-09 21:55:18,ID: 253,ID2: 1, Timer: 5026, RSSI: -61
2026-08-09 21:55:18,ID: 253,ID2: 1, Timer: 5033, RSSI: -57
2026-08-09 21:55:18,ID: 253,ID2: 1, Timer: 5040, RSSI: -50
2026-08-09 21:55:18,ID: 253,ID2: 1, Timer: 5047, RSSI: -61
2026-08-09 21:55:18,ID: 253,ID2: 1, Timer: 5054, RSSI: -57
2026-08-09 21:55:18,ID: 253,ID2: 1, Timer: 5061, RSSI: -50
2026-08-09 21:55:18,ID: 253,ID2: 1, Timer: 5068, RSSI: -61
2026-08-09 21:55:18,ID: 253,ID2: 1, Timer: 5075, RSSI: -57
2026-08-09 21:55:18,ID: 253,ID2: 1, Timer: 5096, RSSI: -57
2026-08-09 21:55:18,ID: 253,ID2: 1, Timer: 5103, RSSI: -50
2026-08-09 21:55:18,ID: 253,ID2: 1, Timer: 5117, RSSI: -57
2026-08-09 21:55:18,ID: 253,ID2: 1, Timer: 5124, RSSI: -50
2026-08-09 21:55:18,ID: 253,ID2: 1, Timer: 5138, RSSI: -57
2026-08-09 21:55:18,ID: 253,ID2: 1, Timer: 5138, RSSI: -56
2026-08-09 21:55:18,ID: 253,ID2: 1, Timer: 5145, RSSI: -50
2026-08-09 21:55:18,ID: 253,ID2: 1, Timer: 5166, RSSI: -50
2026-08-09 21:55:18,ID: 253,ID2: 1, Timer: 5180, RSSI: -57
2026-08-09 21:55:18,ID: 253,ID2: 1, Timer: 5187, RSSI: -50
2026-08-09 21:55:18,ID: 253,ID2: 1, Timer: 5208, RSSI: -50
2026-08-09 21:55:18,ID: 253,ID2: 1, Timer: 5222, RSSI: -57
2026-08-09 21:55:18,ID: 253,ID2: 1, Timer: 5264, RSSI: -63
2026-08-09 21:55:18,ID: 253,ID2: 1, Timer: 5278, RSSI: -59
2026-08-09 21:55:18,ID: 253,ID2: 1, Timer: 5299, RSSI: -55
2026-08-09 21:55:18,ID: 253,ID2: 1, Timer: 5306, RSSI: -65
2026-08-09 21:55:18,ID: 253,ID2: 1, Timer: 5313, RSSI: -52
2026-08-09 21:55:18,ID: 253,ID2: 1, Timer: 5320, RSSI: -56
2026-08-09 21:55:18,ID: 253,ID2: 1, Timer: 5348, RSSI: -60
2026-08-09 21:55:18,ID: 253,ID2: 1, Timer: 5348, RSSI: -60
2026-08-09 21:55:18,ID: 253,ID2: 1, Timer: 5355, RSSI: -52
2026-08-09 21:55:18,ID: 253,ID2: 1, Timer: 5376, RSSI: -53
2026-08-09 21:55:18,ID: 253,ID2: 1, Timer: 5425, RSSI: -58
2026-08-09 21:55:18,ID: 253,ID2: 1, Timer: 5432, RSSI: -62
2026-08-09 21:55:18,ID: 253,ID2: 1, Timer: 5439, RSSI: -50
2026-08-09 21:55:18,ID: 253,ID2: 1, Timer: 5446, RSSI: -58
2026-08-09 21:55:18,ID: 253,ID2: 1, Timer: 5453, RSSI: -61
2026-08-09 21:55:18,ID: 253,ID2: 1, Timer: 5474, RSSI: -61
2026-08-09 21:55:18,ID: 253,ID2: 1, Timer: 5481, RSSI: -53
2026-08-09 21:55:18,ID: 253,ID2: 1, Timer: 5488, RSSI: -56
2026-08-09 21:55:18,ID: 253,ID2: 1, Timer: 5509, RSSI: -56
2026-08-09 21:55:18,ID: 253,ID2: 1, Timer: 5516, RSSI: -65
2026-08-09 21:55:18,ID: 253,ID2: 1, Timer: 5516, RSSI: -64
2026-08-09 21:55:18,ID: 253,Current Timer: 5525
2026-08-09 21:55:18,ID: 253,Contact Count: 0
2026-08-09 21:55:18,ID: 253,Voltage: 1808
2026-08-09 21:55:19,ID: 253,Current Timer: 5525
2026-08-09 21:55:19,ID: 253,Contact Count: 0
2026-08-09 21:55:19,ID: 253,Voltage: 1808
2026-08-09 21:55:19,ID: 253,Current Timer: 5525
2026-08-09 21:55:19,ID: 253,Contact Count: 0
2026-08-09 21:55:19,ID: 253,Voltage: 1808
2026-08-09 21:55:20,ID:1,Current Timer: 26140
2026-08-09 21:55:20,ID:1,Contact Count: 0
2026-08-09 21:55:20,ID:1,Voltage: 2877
2026-08-09 21:55:20,ID:1,Current Timer: 26140
2026-08-09 21:55:20,ID:1,Contact Count: 0
2026-08-09 21:55:20,ID:1,Voltage: 2877
2026-08-09 21:55:21,ID:1,Current Timer: 26141
2026-08-09 21:55:21,ID:1,Contact Count: 0
2026-08-09 21:55:21,ID:1,Voltage: 2877
2026-08-09 21:55:21,ID:1,Current Timer: 26142
2026-08-09 21:55:21,ID:1,Contact Count: 0
2026-08-09 21:55:21,ID:1,Voltage: 2877
